Archive member included to satisfy reference by file (symbol)

C:/Users/affor/pico-tools/xpack-arm-none-eabi-gcc-15.2.1-1.1/bin/../lib/gcc/arm-none-eabi/15.2.1/thumb/v6-m/nofp\libgcc.a(_dvmd_tls.o)
                              CMakeFiles/pico_ad7606.dir/C_/Users/affor/pico-tools/pico-sdk/src/rp2_common/pico_divider/divider_hardware.S.obj (__aeabi_idiv0)
C:/Users/affor/pico-tools/xpack-arm-none-eabi-gcc-15.2.1-1.1/bin/../lib/gcc/arm-none-eabi/15.2.1/../../../../arm-none-eabi/lib/thumb/v6-m/nofp\libg.a(libc_a-calloc.o)
                              CMakeFiles/pico_ad7606.dir/C_/Users/affor/pico-tools/pico-sdk/src/rp2_common/pico_malloc/malloc.c.obj (calloc)
C:/Users/affor/pico-tools/xpack-arm-none-eabi-gcc-15.2.1-1.1/bin/../lib/gcc/arm-none-eabi/15.2.1/../../../../arm-none-eabi/lib/thumb/v6-m/nofp\libg.a(libc_a-callocr.o)
                              C:/Users/affor/pico-tools/xpack-arm-none-eabi-gcc-15.2.1-1.1/bin/../lib/gcc/arm-none-eabi/15.2.1/../../../../arm-none-eabi/lib/thumb/v6-m/nofp\libg.a(libc_a-calloc.o) (_calloc_r)
C:/Users/affor/pico-tools/xpack-arm-none-eabi-gcc-15.2.1-1.1/bin/../lib/gcc/arm-none-eabi/15.2.1/../../../../arm-none-eabi/lib/thumb/v6-m/nofp\libg.a(libc_a-malloc.o)
                              CMakeFiles/pico_ad7606.dir/C_/Users/affor/pico-tools/pico-sdk/src/rp2_common/pico_malloc/malloc.c.obj (malloc)
C:/Users/affor/pico-tools/xpack-arm-none-eabi-gcc-15.2.1-1.1/bin/../lib/gcc/arm-none-eabi/15.2.1/../../../../arm-none-eabi/lib/thumb/v6-m/nofp\libg.a(libc_a-mallocr.o)
                              C:/Users/affor/pico-tools/xpack-arm-none-eabi-gcc-15.2.1-1.1/bin/../lib/gcc/arm-none-eabi/15.2.1/../../../../arm-none-eabi/lib/thumb/v6-m/nofp\libg.a(libc_a-callocr.o) (_malloc_r)
C:/Users/affor/pico-tools/xpack-arm-none-eabi-gcc-15.2.1-1.1/bin/../lib/gcc/arm-none-eabi/15.2.1/../../../../arm-none-eabi/lib/thumb/v6-m/nofp\libg.a(libc_a-mlock.o)
                              C:/Users/affor/pico-tools/xpack-arm-none-eabi-gcc-15.2.1-1.1/bin/../lib/gcc/arm-none-eabi/15.2.1/../../../../arm-none-eabi/lib/thumb/v6-m/nofp\libg.a(libc_a-mallocr.o) (__malloc_lock)
C:/Users/affor/pico-tools/xpack-arm-none-eabi-gcc-15.2.1-1.1/bin/../lib/gcc/arm-none-eabi/15.2.1/../../../../arm-none-eabi/lib/thumb/v6-m/nofp\libg.a(libc_a-realloc.o)
                              CMakeFiles/pico_ad7606.dir/C_/Users/affor/pico-tools/pico-sdk/src/rp2_common/pico_malloc/malloc.c.obj (realloc)
C:/Users/affor/pico-tools/xpack-arm-none-eabi-gcc-15.2.1-1.1/bin/../lib/gcc/arm-none-eabi/15.2.1/../../../../arm-none-eabi/lib/thumb/v6-m/nofp\libg.a(libc_a-reallocr.o)
                              C:/Users/affor/pico-tools/xpack-arm-none-eabi-gcc-15.2.1-1.1/bin/../lib/gcc/arm-none-eabi/15.2.1/../../../../arm-none-eabi/lib/thumb/v6-m/nofp\libg.a(libc_a-realloc.o) (_realloc_r)
C:/Users/affor/pico-tools/xpack-arm-none-eabi-gcc-15.2.1-1.1/bin/../lib/gcc/arm-none-eabi/15.2.1/../../../../arm-none-eabi/lib/thumb/v6-m/nofp\libg.a(libc_a-fflush.o)
                              CMakeFiles/pico_ad7606.dir/main.c.obj (fflush)
C:/Users/affor/pico-tools/xpack-arm-none-eabi-gcc-15.2.1-1.1/bin/../lib/gcc/arm-none-eabi/15.2.1/../../../../arm-none-eabi/lib/thumb/v6-m/nofp\libg.a(libc_a-findfp.o)
                              C:/Users/affor/pico-tools/xpack-arm-none-eabi-gcc-15.2.1-1.1/bin/../lib/gcc/arm-none-eabi/15.2.1/../../../../arm-none-eabi/lib/thumb/v6-m/nofp\libg.a(libc_a-fflush.o) (__sglue)
C:/Users/affor/pico-tools/xpack-arm-none-eabi-gcc-15.2.1-1.1/bin/../lib/gcc/arm-none-eabi/15.2.1/../../../../arm-none-eabi/lib/thumb/v6-m/nofp\libg.a(libc_a-fwalk.o)
                              C:/Users/affor/pico-tools/xpack-arm-none-eabi-gcc-15.2.1-1.1/bin/../lib/gcc/arm-none-eabi/15.2.1/../../../../arm-none-eabi/lib/thumb/v6-m/nofp\libg.a(libc_a-fflush.o) (_fwalk_sglue)
C:/Users/affor/pico-tools/xpack-arm-none-eabi-gcc-15.2.1-1.1/bin/../lib/gcc/arm-none-eabi/15.2.1/../../../../arm-none-eabi/lib/thumb/v6-m/nofp\libg.a(libc_a-fwrite.o)
                              CMakeFiles/pico_ad7606.dir/main.c.obj (fwrite)
C:/Users/affor/pico-tools/xpack-arm-none-eabi-gcc-15.2.1-1.1/bin/../lib/gcc/arm-none-eabi/15.2.1/../../../../arm-none-eabi/lib/thumb/v6-m/nofp\libg.a(libc_a-sscanf.o)
                              CMakeFiles/pico_ad7606.dir/main.c.obj (sscanf)
C:/Users/affor/pico-tools/xpack-arm-none-eabi-gcc-15.2.1-1.1/bin/../lib/gcc/arm-none-eabi/15.2.1/../../../../arm-none-eabi/lib/thumb/v6-m/nofp\libg.a(libc_a-stdio.o)
                              C:/Users/affor/pico-tools/xpack-arm-none-eabi-gcc-15.2.1-1.1/bin/../lib/gcc/arm-none-eabi/15.2.1/../../../../arm-none-eabi/lib/thumb/v6-m/nofp\libg.a(libc_a-findfp.o) (__sread)
C:/Users/affor/pico-tools/xpack-arm-none-eabi-gcc-15.2.1-1.1/bin/../lib/gcc/arm-none-eabi/15.2.1/../../../../arm-none-eabi/lib/thumb/v6-m/nofp\libg.a(libc_a-memcmp.o)
                              CMakeFiles/pico_ad7606.dir/C_/Users/affor/pico-tools/pico-sdk/src/rp2_common/pico_atomic/atomic.c.obj (memcmp)
[...]
Memory Configuration

Name             Origin             Length             Attributes
FLASH            0x10000000         0x00200000         xr
XIP_RAM          0x15000000         0x00004000         xrw
RAM              0x20000000         0x00040000         xrw
SCRATCH_X        0x20040000         0x00001000         xrw
SCRATCH_Y        0x20041000         0x00001000         xrw
*default*        0x00000000         0xffffffff

Linker script and memory map

                0x20000000                        RAM_ORIGIN_DEFAULT = 0x20000000
                0x00040000                        RAM_LENGTH_DEFAULT = 0x40000
                0x20040000                        SCRATCH_X_ORIGIN_DEFAULT = 0x20040000
                0x00001000                        SCRATCH_X_LENGTH_DEFAULT = 0x1000
                0x20041000                        SCRATCH_Y_ORIGIN_DEFAULT = 0x20041000
                0x00001000                        SCRATCH_Y_LENGTH_DEFAULT = 0x1000
                0x15000000                        XIP_RAM_ORIGIN_DEFAULT = 0x15000000
                0x00004000                        XIP_RAM_LENGTH_DEFAULT = 0x4000
LOAD CMakeFiles/pico_ad7606.dir/main.c.obj
LOAD CMakeFiles/pico_ad7606.dir/C_/Users/affor/pico-tools/pico-sdk/src/rp2_common/pico_stdlib/stdlib.c.obj
LOAD CMakeFiles/pico_ad7606.dir/C_/Users/affor/pico-tools/pico-sdk/src/rp2_common/hardware_gpio/gpio.c.obj
LOAD CMakeFiles/pico_ad7606.dir/C_/Users/affor/pico-tools/pico-sdk/src/rp2040/pico_platform/platform.c.obj
LOAD CMakeFiles/pico_ad7606.dir/C_/Users/affor/pico-tools/pico-sdk/src/rp2_common/pico_platform_common/common.c.obj
LOAD CMakeFiles/pico_ad7606.dir/C_/Users/affor/pico-tools/pico-sdk/src/rp2_common/pico_platform_panic/panic.c.obj
LOAD CMakeFiles/pico_ad7606.dir/C_/Users/affor/pico-tools/pico-sdk/src/rp2_common/pico_platform_panic/custom_panic_function.S.obj
LOAD CMakeFiles/pico_ad7606.dir/C_/Users/affor/pico-tools/pico-sdk/src/common/hardware_claim/claim.c.obj
LOAD CMakeFiles/pico_ad7606.dir/C_/Users/affor/pico-tools/pico-sdk/src/rp2_common/hardware_sync/sync.c.obj
LOAD CMakeFiles/pico_ad7606.dir/C_/Users/affor/pico-tools/pico-sdk/src/rp2_common/hardware_sync_spin_lock/sync_spin_lock.c.obj
LOAD CMakeFiles/pico_ad7606.dir/C_/Users/affor/pico-tools/pico-sdk/src/rp2_common/hardware_irq/irq.c.obj
LOAD CMakeFiles/pico_ad7606.dir/C_/Users/affor/pico-tools/pico-sdk/src/rp2_common/hardware_irq/irq_handler_chain.S.obj
LOAD CMakeFiles/pico_ad7606.dir/C_/Users/affor/pico-tools/pico-sdk/src/common/pico_sync/sem.c.obj
LOAD CMakeFiles/pico_ad7606.dir/C_/Users/affor/pico-tools/pico-sdk/src/common/pico_sync/lock_core.c.obj
LOAD CMakeFiles/pico_ad7606.dir/C_/Users/affor/pico-tools/pico-sdk/src/common/pico_sync/mutex.c.obj
LOAD CMakeFiles/pico_ad7606.dir/C_/Users/affor/pico-tools/pico-sdk/src/common/pico_sync/critical_section.c.obj
LOAD CMakeFiles/pico_ad7606.dir/C_/Users/affor/pico-tools/pico-sdk/src/common/pico_time/time.c.obj
LOAD CMakeFiles/pico_ad7606.dir/C_/Users/affor/pico-tools/pico-sdk/src/common/pico_time/timeout_helper.c.obj
LOAD CMakeFiles/pico_ad7606.dir/C_/Users/affor/pico-tools/pico-sdk/src/rp2_common/hardware_timer/timer.c.obj
LOAD CMakeFiles/pico_ad7606.dir/C_/Users/affor/pico-tools/pico-sdk/src/common/pico_util/datetime.c.obj
LOAD CMakeFiles/pico_ad7606.dir/C_/Users/affor/pico-tools/pico-sdk/src/common/pico_util/fixed_bitset.c.obj
LOAD CMakeFiles/pico_ad7606.dir/C_/Users/affor/pico-tools/pico-sdk/src/common/pico_util/pheap.c.obj
LOAD CMakeFiles/pico_ad7606.dir/C_/Users/affor/pico-tools/pico-sdk/src/common/pico_util/queue.c.obj
LOAD CMakeFiles/pico_ad7606.dir/C_/Users/affor/pico-tools/pico-sdk/src/rp2_common/hardware_uart/uart.c.obj
LOAD CMakeFiles/pico_ad7606.dir/C_/Users/affor/pico-tools/pico-sdk/src/rp2_common/hardware_clocks/clocks.c.obj
LOAD CMakeFiles/pico_ad7606.dir/C_/Users/affor/pico-tools/pico-sdk/src/rp2_common/hardware_pll/pll.c.obj
LOAD CMakeFiles/pico_ad7606.dir/C_/Users/affor/pico-tools/pico-sdk/src/rp2_common/hardware_vreg/vreg.c.obj
LOAD CMakeFiles/pico_ad7606.dir/C_/Users/affor/pico-tools/pico-sdk/src/rp2_common/hardware_watchdog/watchdog.c.obj
LOAD CMakeFiles/pico_ad7606.dir/C_/Users/affor/pico-tools/pico-sdk/src/rp2_common/hardware_ticks/ticks.c.obj
LOAD CMakeFiles/pico_ad7606.dir/C_/Users/affor/pico-tools/pico-sdk/src/rp2_common/pico_bootrom/bootrom.c.obj
LOAD CMakeFiles/pico_ad7606.dir/C_/Users/affor/pico-tools/pico-sdk/src/rp2_common/pico_bootrom/bootrom_lock.c.obj
LOAD CMakeFiles/pico_ad7606.dir/C_/Users/affor/pico-tools/pico-sdk/src/rp2_common/hardware_boot_lock/boot_lock.c.obj
LOAD CMakeFiles/pico_ad7606.dir/C_/Users/affor/pico-tools/pico-sdk/src/rp2_common/pico_flash/flash.c.obj
LOAD CMakeFiles/pico_ad7606.dir/C_/Users/affor/pico-tools/pico-sdk/src/rp2_common/hardware_xosc/xosc.c.obj
LOAD CMakeFiles/pico_ad7606.dir/C_/Users/affor/pico-tools/pico-sdk/src/rp2_common/hardware_divider/divider.S.obj
LOAD CMakeFiles/pico_ad7606.dir/C_/Users/affor/pico-tools/pico-sdk/src/rp2_common/pico_runtime/runtime.c.obj
LOAD CMakeFiles/pico_ad7606.dir/C_/Users/affor/pico-tools/pico-sdk/src/rp2_common/pico_runtime_init/runtime_init.c.obj
LOAD CMakeFiles/pico_ad7606.dir/C_/Users/affor/pico-tools/pico-sdk/src/rp2_common/pico_runtime_init/runtime_init_clocks.c.obj
LOAD CMakeFiles/pico_ad7606.dir/C_/Users/affor/pico-tools/pico-sdk/src/rp2_common/pico_runtime_init/runtime_init_stack_guard.c.obj
LOAD CMakeFiles/pico_ad7606.dir/C_/Users/affor/pico-tools/pico-sdk/src/rp2_common/hardware_rtc/rtc.c.obj
LOAD CMakeFiles/pico_ad7606.dir/C_/Users/affor/pico-tools/pico-sdk/src/rp2_common/pico_bit_ops/bit_ops_aeabi.S.obj
LOAD CMakeFiles/pico_ad7606.dir/C_/Users/affor/pico-tools/pico-sdk/src/rp2_common/pico_divider/divider_hardware.S.obj
LOAD CMakeFiles/pico_ad7606.dir/C_/Users/affor/pico-tools/pico-sdk/src/rp2_common/pico_double/double_aeabi_rp2040.S.obj
LOAD CMakeFiles/pico_ad7606.dir/C_/Users/affor/pico-tools/pico-sdk/src/rp2_common/pico_double/double_init_rom_rp2040.c.obj
LOAD CMakeFiles/pico_ad7606.dir/C_/Users/affor/pico-tools/pico-sdk/src/rp2_common/pico_double/double_math.c.obj
LOAD CMakeFiles/pico_ad7606.dir/C_/Users/affor/pico-tools/pico-sdk/src/rp2_common/pico_double/double_v1_rom_shim_rp2040.S.obj
LOAD CMakeFiles/pico_ad7606.dir/C_/Users/affor/pico-tools/pico-sdk/src/rp2_common/pico_int64_ops/pico_int64_ops_aeabi.S.obj
LOAD CMakeFiles/pico_ad7606.dir/C_/Users/affor/pico-tools/pico-sdk/src/rp2_common/pico_float/float_aeabi_rp2040.S.obj
LOAD CMakeFiles/pico_ad7606.dir/C_/Users/affor/pico-tools/pico-sdk/src/rp2_common/pico_float/float_init_rom_rp2040.c.obj
LOAD CMakeFiles/pico_ad7606.dir/C_/Users/affor/pico-tools/pico-sdk/src/rp2_common/pico_float/float_math.c.obj
LOAD CMakeFiles/pico_ad7606.dir/C_/Users/affor/pico-tools/pico-sdk/src/rp2_common/pico_float/float_v1_rom_shim_rp2040.S.obj
LOAD CMakeFiles/pico_ad7606.dir/C_/Users/affor/pico-tools/pico-sdk/src/rp2_common/pico_malloc/malloc.c.obj
LOAD CMakeFiles/pico_ad7606.dir/C_/Users/affor/pico-tools/pico-sdk/src/rp2_common/pico_mem_ops/mem_ops_aeabi.S.obj
LOAD CMakeFiles/pico_ad7606.dir/C_/Users/affor/pico-tools/pico-sdk/src/rp2_common/pico_atomic/atomic.c.obj
LOAD CMakeFiles/pico_ad7606.dir/C_/Users/affor/pico-tools/pico-sdk/src/rp2_common/pico_cxx_options/new_delete.cpp.obj
LOAD CMakeFiles/pico_ad7606.dir/C_/Users/affor/pico-tools/pico-sdk/src/rp2_common/pico_standard_binary_info/standard_binary_info.c.obj
LOAD CMakeFiles/pico_ad7606.dir/C_/Users/affor/pico-tools/pico-sdk/src/rp2_common/pico_printf/printf.c.obj
LOAD CMakeFiles/pico_ad7606.dir/C_/Users/affor/pico-tools/pico-sdk/src/rp2_common/pico_crt0/crt0.S.obj
LOAD CMakeFiles/pico_ad7606.dir/C_/Users/affor/pico-tools/pico-sdk/src/rp2_common/pico_clib_interface/newlib_interface.c.obj
LOAD CMakeFiles/pico_ad7606.dir/C_/Users/affor/pico-tools/pico-sdk/src/rp2_common/pico_clib_interface/cxa_guard.c.obj
LOAD CMakeFiles/pico_ad7606.dir/C_/Users/affor/pico-tools/pico-sdk/src/rp2_common/pico_stdio/stdio.c.obj
LOAD CMakeFiles/pico_ad7606.dir/C_/Users/affor/pico-tools/pico-sdk/src/rp2_common/pico_stdio_usb/stdio_usb.c.obj
LOAD CMakeFiles/pico_ad7606.dir/C_/Users/affor/pico-tools/pico-sdk/src/rp2_common/pico_stdio_usb/stdio_usb_descriptors.c.obj
LOAD CMakeFiles/pico_ad7606.dir/C_/Users/affor/pico-tools/pico-sdk/src/rp2_common/pico_unique_id/unique_id.c.obj
LOAD CMakeFiles/pico_ad7606.dir/C_/Users/affor/pico-tools/pico-sdk/src/rp2_common/hardware_flash/flash.c.obj
LOAD CMakeFiles/pico_ad7606.dir/C_/Users/affor/pico-tools/pico-sdk/src/rp2_common/hardware_xip_cache/xip_cache.c.obj
LOAD CMakeFiles/pico_ad7606.dir/C_/Users/affor/pico-tools/pico-sdk/src/rp2_common/pico_usb_reset/usb_reset.c.obj
LOAD CMakeFiles/pico_ad7606.dir/C_/Users/affor/pico-tools/pico-sdk/lib/tinyusb/src/portable/raspberrypi/rp2040/dcd_rp2040.c.obj
LOAD CMakeFiles/pico_ad7606.dir/C_/Users/affor/pico-tools/pico-sdk/lib/tinyusb/src/portable/raspberrypi/rp2040/rp2040_usb.c.obj
LOAD CMakeFiles/pico_ad7606.dir/C_/Users/affor/pico-tools/pico-sdk/lib/tinyusb/src/device/usbd.c.obj
LOAD CMakeFiles/pico_ad7606.dir/C_/Users/affor/pico-tools/pico-sdk/lib/tinyusb/src/device/usbd_control.c.obj
LOAD CMakeFiles/pico_ad7606.dir/C_/Users/affor/pico-tools/pico-sdk/lib/tinyusb/src/class/audio/audio_device.c.obj
LOAD CMakeFiles/pico_ad7606.dir/C_/Users/affor/pico-tools/pico-sdk/lib/tinyusb/src/class/cdc/cdc_device.c.obj
LOAD CMakeFiles/pico_ad7606.dir/C_/Users/affor/pico-tools/pico-sdk/lib/tinyusb/src/class/dfu/dfu_device.c.obj
LOAD CMakeFiles/pico_ad7606.dir/C_/Users/affor/pico-tools/pico-sdk/lib/tinyusb/src/class/dfu/dfu_rt_device.c.obj
LOAD CMakeFiles/pico_ad7606.dir/C_/Users/affor/pico-tools/pico-sdk/lib/tinyusb/src/class/hid/hid_device.c.obj
LOAD CMakeFiles/pico_ad7606.dir/C_/Users/affor/pico-tools/pico-sdk/lib/tinyusb/src/class/midi/midi_device.c.obj
LOAD CMakeFiles/pico_ad7606.dir/C_/Users/affor/pico-tools/pico-sdk/lib/tinyusb/src/class/msc/msc_device.c.obj
LOAD CMakeFiles/pico_ad7606.dir/C_/Users/affor/pico-tools/pico-sdk/lib/tinyusb/src/class/net/ecm_rndis_device.c.obj
LOAD CMakeFiles/pico_ad7606.dir/C_/Users/affor/pico-tools/pico-sdk/lib/tinyusb/src/class/net/ncm_device.c.obj
LOAD CMakeFiles/pico_ad7606.dir/C_/Users/affor/pico-tools/pico-sdk/lib/tinyusb/src/class/usbtmc/usbtmc_device.c.obj
LOAD CMakeFiles/pico_ad7606.dir/C_/Users/affor/pico-tools/pico-sdk/lib/tinyusb/src/class/vendor/vendor_device.c.obj
LOAD CMakeFiles/pico_ad7606.dir/C_/Users/affor/pico-tools/pico-sdk/lib/tinyusb/src/class/video/video_device.c.obj
LOAD CMakeFiles/pico_ad7606.dir/C_/Users/affor/pico-tools/pico-sdk/lib/tinyusb/src/tusb.c.obj
LOAD CMakeFiles/pico_ad7606.dir/C_/Users/affor/pico-tools/pico-sdk/lib/tinyusb/src/common/tusb_fifo.c.obj
LOAD CMakeFiles/pico_ad7606.dir/C_/Users/affor/pico-tools/pico-sdk/src/rp2_common/pico_fix/rp2040_usb_device_enumeration/rp2040_usb_device_enumeration.c.obj
LOAD CMakeFiles/pico_ad7606.dir/C_/Users/affor/pico-tools/pico-sdk/src/rp2_common/pico_thread_local/thread_local.c.obj
LOAD CMakeFiles/pico_ad7606.dir/C_/Users/affor/pico-tools/pico-sdk/src/rp2_common/hardware_spi/spi.c.obj
LOAD pico-sdk/src/rp2040/boot_stage2/CMakeFiles/bs2_default_library.dir/./bs2_default_padded_checksummed.S.obj
LOAD C:/Users/affor/pico-tools/xpack-arm-none-eabi-gcc-15.2.1-1.1/bin/../lib/gcc/arm-none-eabi/15.2.1/../../../../arm-none-eabi/lib/thumb/v6-m/nofp\libstdc++.a
LOAD C:/Users/affor/pico-tools/xpack-arm-none-eabi-gcc-15.2.1-1.1/bin/../lib/gcc/arm-none-eabi/15.2.1/../../../../arm-none-eabi/lib/thumb/v6-m/nofp\libm.a
START GROUP
LOAD C:/Users/affor/pico-tools/xpack-arm-none-eabi-gcc-15.2.1-1.1/bin/../lib/gcc/arm-none-eabi/15.2.1/thumb/v6-m/nofp\libgcc.a
LOAD C:/Users/affor/pico-tools/xpack-arm-none-eabi-gcc-15.2.1-1.1/bin/../lib/gcc/arm-none-eabi/15.2.1/../../../../arm-none-eabi/lib/thumb/v6-m/nofp\libg.a
LOAD C:/Users/affor/pico-tools/xpack-arm-none-eabi-gcc-15.2.1-1.1/bin/../lib/gcc/arm-none-eabi/15.2.1/../../../../arm-none-eabi/lib/thumb/v6-m/nofp\libc.a
END GROUP
                0x20000000                        PROVIDE (RAM_ORIGIN = RAM_ORIGIN_DEFAULT)
                0x00040000                        PROVIDE (RAM_LENGTH = RAM_LENGTH_DEFAULT)
                0x20040000                        PROVIDE (SCRATCH_X_ORIGIN = SCRATCH_X_ORIGIN_DEFAULT)
                0x00001000                        PROVIDE (SCRATCH_X_LENGTH = SCRATCH_X_LENGTH_DEFAULT)
                0x20041000                        PROVIDE (SCRATCH_Y_ORIGIN = SCRATCH_Y_ORIGIN_DEFAULT)
                0x00001000                        PROVIDE (SCRATCH_Y_LENGTH = SCRATCH_Y_LENGTH_DEFAULT)
                0x15000000                        PROVIDE (XIP_RAM_ORIGIN = XIP_RAM_ORIGIN_DEFAULT)
                0x00004000                        PROVIDE (XIP_RAM_LENGTH = XIP_RAM_LENGTH_DEFAULT)
                0x20000000                        RAM_ORIGIN = DEFINED (RAM_ORIGIN)?RAM_ORIGIN:RAM_ORIGIN_DEFAULT
                0x00040000                        RAM_LENGTH = DEFINED (RAM_LENGTH)?RAM_LENGTH:RAM_LENGTH_DEFAULT
                0x20040000                        SCRATCH_X_ORIGIN = DEFINED (SCRATCH_X_ORIGIN)?SCRATCH_X_ORIGIN:SCRATCH_X_ORIGIN_DEFAULT
                0x00001000                        SCRATCH_X_LENGTH = DEFINED (SCRATCH_X_LENGTH)?SCRATCH_X_LENGTH:SCRATCH_X_LENGTH_DEFAULT
                0x20041000                        SCRATCH_Y_ORIGIN = DEFINED (SCRATCH_Y_ORIGIN)?SCRATCH_Y_ORIGIN:SCRATCH_Y_ORIGIN_DEFAULT
                0x00001000                        SCRATCH_Y_LENGTH = DEFINED (SCRATCH_Y_LENGTH)?SCRATCH_Y_LENGTH:SCRATCH_Y_LENGTH_DEFAULT
                0x15000000                        XIP_RAM_ORIGIN = DEFINED (XIP_RAM_ORIGIN)?XIP_RAM_ORIGIN:XIP_RAM_ORIGIN_DEFAULT
                0x00004000                        XIP_RAM_LENGTH = DEFINED (XIP_RAM_LENGTH)?XIP_RAM_LENGTH:XIP_RAM_LENGTH_DEFAULT

.flash_begin    0x10000000        0x0
                0x10000000                        __flash_binary_start = .

.boot2          0x10000000      0x100
                0x10000000                        __boot2_start__ = .
 *(.boot2)
 .boot2         0x10000000      0x100 pico-sdk/src/rp2040/boot_stage2/CMakeFiles/bs2_default_library.dir/./bs2_default_padded_checksummed.S.obj
                0x10000100                        __boot2_end__ = .
                0x00000001                        ASSERT (((__boot2_end__ - __boot2_start__) == 0x100), ERROR: Pico second stage bootloader must be exactly 256 bytes in size for RP2040)

.text           0x10000100     0xd420
                0x10000100                        __logical_binary_start = .
 *(.vectors)
 .vectors       0x10000100       0xd4 CMakeFiles/pico_ad7606.dir/C_/Users/affor/pico-tools/pico-sdk/src/rp2_common/pico_crt0/crt0.S.obj
                0x10000100                __VECTOR_TABLE
                0x10000100                __vectors
                0x100001c0                isr_irq13
                0x100001c0                isr_irq27
                0x100001c0                isr_irq31
                0x100001c0                isr_irq12
                0x100001c0                isr_irq5
                0x100001c0                isr_irq11
                0x100001c0                isr_irq3
                0x100001c0                isr_irq23
                0x100001c0                __unhandled_user_irq
                0x100001c0                isr_irq26
                0x100001c0                isr_irq28
                0x100001c0                isr_irq19
                0x100001c0                isr_irq0
                0x100001c0                isr_irq6
                0x100001c0                isr_irq29
                0x100001c0                isr_irq16
                0x100001c0                isr_irq22
                0x100001c0                isr_irq18
                0x100001c0                isr_irq17
                0x100001c0                isr_irq14
                0x100001c0                __vectors_end
                0x100001c0                __default_isrs_start
                0x100001c0                isr_irq2
                0x100001c0                isr_irq10
                0x100001c0                isr_irq8
                0x100001c0                isr_irq24
                0x100001c0                isr_irq1
                0x100001c0                isr_irq7
                0x100001c0                isr_irq21
                0x100001c0                isr_irq20
                0x100001c0                isr_irq15
                0x100001c0                isr_irq25
                0x100001c0                isr_irq4
                0x100001c0                isr_irq30
                0x100001c0                isr_irq9
                0x100001c6                unhandled_user_irq_num_in_r0
                0x100001c8                isr_invalid
                0x100001ca                isr_nmi
                0x100001cc                isr_hardfault
                0x100001ce                isr_svcall
                0x100001d0                isr_pendsv
                0x100001d2                isr_systick
                0x100001d4                __default_isrs_end
 *(.binary_info_header)
 .binary_info_header
                0x100001d4       0x14 CMakeFiles/pico_ad7606.dir/C_/Users/affor/pico-tools/pico-sdk/src/rp2_common/pico_crt0/crt0.S.obj
                0x100001e8                        __binary_info_header_end = .
 *(.embedded_block)
                0x100001e8                        __embedded_block_end = .
 *(.reset)
 .reset         0x100001e8       0x98 CMakeFiles/pico_ad7606.dir/C_/Users/affor/pico-tools/pico-sdk/src/rp2_common/pico_crt0/crt0.S.obj
                0x100001e8                _entry_point
 *(.init)
 SORT_BY_NAME(REVERSE(*libgcc.a:cmse_nonsecure_call.o))()
 *(EXCLUDE_FILE(*libm.a: *lib*_a-mem*.o *libc.a: *libgcc.a:) .text*)
 .text.startup.main
                0x10000280      0x554 CMakeFiles/pico_ad7606.dir/main.c.obj
                0x10000280                main
 .text.gpio_set_function
                0x100007d4       0x30 CMakeFiles/pico_ad7606.dir/C_/Users/affor/pico-tools/pico-sdk/src/rp2_common/hardware_gpio/gpio.c.obj
                0x100007d4                gpio_set_function
 .text.gpio_init
                0x10000804       0x3c CMakeFiles/pico_ad7606.dir/C_/Users/affor/pico-tools/pico-sdk/src/rp2_common/hardware_gpio/gpio.c.obj
                0x10000804                gpio_init
 .text.rp2040_chip_version
                0x10000840        0xc CMakeFiles/pico_ad7606.dir/C_/Users/affor/pico-tools/pico-sdk/src/rp2040/pico_platform/platform.c.obj
                0x10000840                rp2040_chip_version
 .text.panic    0x1000084c       0x30 CMakeFiles/pico_ad7606.dir/C_/Users/affor/pico-tools/pico-sdk/src/rp2_common/pico_platform_panic/panic.c.obj
                0x1000084c                panic
 .text.hw_claim_or_assert
                0x1000087c       0x50 CMakeFiles/pico_ad7606.dir/C_/Users/affor/pico-tools/pico-sdk/src/common/hardware_claim/claim.c.obj
                0x1000087c                hw_claim_or_assert
 .text.hw_claim_unused_from_range
                0x100008cc       0x88 CMakeFiles/pico_ad7606.dir/C_/Users/affor/pico-tools/pico-sdk/src/common/hardware_claim/claim.c.obj
                0x100008cc                hw_claim_unused_from_range
 .text.next_striped_spin_lock_num
                0x10000954       0x18 CMakeFiles/pico_ad7606.dir/C_/Users/affor/pico-tools/pico-sdk/src/rp2_common/hardware_sync/sync.c.obj
                0x10000954                next_striped_spin_lock_num
 .text.spin_lock_claim_unused
                0x1000096c       0x20 CMakeFiles/pico_ad7606.dir/C_/Users/affor/pico-tools/pico-sdk/src/rp2_common/hardware_sync/sync.c.obj
                0x1000096c                spin_lock_claim_unused
 .text.spin_locks_reset
                0x1000098c       0x1c CMakeFiles/pico_ad7606.dir/C_/Users/affor/pico-tools/pico-sdk/src/rp2_common/hardware_sync_spin_lock/sync_spin_lock.c.obj
                0x1000098c                spin_locks_reset
 .text.runtime_init_per_core_irq_priorities
                0x100009a8       0x48 CMakeFiles/pico_ad7606.dir/C_/Users/affor/pico-tools/pico-sdk/src/rp2_common/hardware_irq/irq.c.obj
                0x100009a8                runtime_init_per_core_irq_priorities
 .text.irq_set_enabled
                0x100009f0       0x24 CMakeFiles/pico_ad7606.dir/C_/Users/affor/pico-tools/pico-sdk/src/rp2_common/hardware_irq/irq.c.obj
                0x100009f0                irq_set_enabled
 .text.irq_is_enabled
                0x10000a14       0x18 CMakeFiles/pico_ad7606.dir/C_/Users/affor/pico-tools/pico-sdk/src/rp2_common/hardware_irq/irq.c.obj
                0x10000a14                irq_is_enabled
 .text.irq_set_pending
                0x10000a2c       0x10 CMakeFiles/pico_ad7606.dir/C_/Users/affor/pico-tools/pico-sdk/src/rp2_common/hardware_irq/irq.c.obj
                0x10000a2c                irq_set_pending
 .text.irq_has_shared_handler
                0x10000a3c       0x20 CMakeFiles/pico_ad7606.dir/C_/Users/affor/pico-tools/pico-sdk/src/rp2_common/hardware_irq/irq.c.obj
                0x10000a3c                irq_has_shared_handler
 .text.irq_set_exclusive_handler
                0x10000a5c       0x54 CMakeFiles/pico_ad7606.dir/C_/Users/affor/pico-tools/pico-sdk/src/rp2_common/hardware_irq/irq.c.obj
                0x10000a5c                irq_set_exclusive_handler
 .text.irq_add_shared_handler
                0x10000ab0      0x1b8 CMakeFiles/pico_ad7606.dir/C_/Users/affor/pico-tools/pico-sdk/src/rp2_common/hardware_irq/irq.c.obj
                0x10000ab0                irq_add_shared_handler
 .text.irq_add_tail_to_free_list
                0x10000c68       0xcc CMakeFiles/pico_ad7606.dir/C_/Users/affor/pico-tools/pico-sdk/src/rp2_common/hardware_irq/irq.c.obj
                0x10000c68                irq_add_tail_to_free_list
 .text.user_irq_claim_unused
                0x10000d34       0x28 CMakeFiles/pico_ad7606.dir/C_/Users/affor/pico-tools/pico-sdk/src/rp2_common/hardware_irq/irq.c.obj
                0x10000d34                user_irq_claim_unused
 .text.lock_init
                0x10000d5c       0x10 CMakeFiles/pico_ad7606.dir/C_/Users/affor/pico-tools/pico-sdk/src/common/pico_sync/lock_core.c.obj
                0x10000d5c                lock_init
 .text.runtime_init_mutex
                0x10000d6c       0x50 CMakeFiles/pico_ad7606.dir/C_/Users/affor/pico-tools/pico-sdk/src/common/pico_sync/mutex.c.obj
                0x10000d6c                runtime_init_mutex
 .text.mutex_init
                0x10000dbc       0x1c CMakeFiles/pico_ad7606.dir/C_/Users/affor/pico-tools/pico-sdk/src/common/pico_sync/mutex.c.obj
                0x10000dbc                mutex_init
 .text.critical_section_init
                0x10000dd8       0x1c CMakeFiles/pico_ad7606.dir/C_/Users/affor/pico-tools/pico-sdk/src/common/pico_sync/critical_section.c.obj
                0x10000dd8                critical_section_init
 .text.critical_section_init_with_lock_num
                0x10000df4       0x14 CMakeFiles/pico_ad7606.dir/C_/Users/affor/pico-tools/pico-sdk/src/common/pico_sync/critical_section.c.obj
                0x10000df4                critical_section_init_with_lock_num
 .text.sleep_until_callback
                0x10000e08       0x30 CMakeFiles/pico_ad7606.dir/C_/Users/affor/pico-tools/pico-sdk/src/common/pico_time/time.c.obj
 .text.alarm_pool_irq_handler
                0x10000e38      0x2f4 CMakeFiles/pico_ad7606.dir/C_/Users/affor/pico-tools/pico-sdk/src/common/pico_time/time.c.obj
 .text.runtime_init_default_alarm_pool
                0x1000112c       0xd8 CMakeFiles/pico_ad7606.dir/C_/Users/affor/pico-tools/pico-sdk/src/common/pico_time/time.c.obj
                0x1000112c                runtime_init_default_alarm_pool
 .text.alarm_pool_get_default
                0x10001204        0x8 CMakeFiles/pico_ad7606.dir/C_/Users/affor/pico-tools/pico-sdk/src/common/pico_time/time.c.obj
                0x10001204                alarm_pool_get_default
 .text.alarm_pool_add_alarm_at
                0x1000120c       0xcc CMakeFiles/pico_ad7606.dir/C_/Users/affor/pico-tools/pico-sdk/src/common/pico_time/time.c.obj
                0x1000120c                alarm_pool_add_alarm_at
 .text.alarm_pool_add_alarm_at_force_in_context
                0x100012d8       0xbc CMakeFiles/pico_ad7606.dir/C_/Users/affor/pico-tools/pico-sdk/src/common/pico_time/time.c.obj
                0x100012d8                alarm_pool_add_alarm_at_force_in_context
 .text.alarm_pool_cancel_alarm
                0x10001394       0x74 CMakeFiles/pico_ad7606.dir/C_/Users/affor/pico-tools/pico-sdk/src/common/pico_time/time.c.obj
                0x10001394                alarm_pool_cancel_alarm
 .text.alarm_pool_core_num
                0x10001408        0x4 CMakeFiles/pico_ad7606.dir/C_/Users/affor/pico-tools/pico-sdk/src/common/pico_time/time.c.obj
                0x10001408                alarm_pool_core_num
 .text.sleep_until
                0x1000140c       0xc8 CMakeFiles/pico_ad7606.dir/C_/Users/affor/pico-tools/pico-sdk/src/common/pico_time/time.c.obj
                0x1000140c                sleep_until
 .text.sleep_us
                0x100014d4       0xec CMakeFiles/pico_ad7606.dir/C_/Users/affor/pico-tools/pico-sdk/src/common/pico_time/time.c.obj
                0x100014d4                sleep_us
 .text.best_effort_wfe_or_timeout
                0x100015c0      0x12c CMakeFiles/pico_ad7606.dir/C_/Users/affor/pico-tools/pico-sdk/src/common/pico_time/time.c.obj
                0x100015c0                best_effort_wfe_or_timeout
 .text.timer_hardware_alarm_claim
                0x100016ec       0x14 CMakeFiles/pico_ad7606.dir/C_/Users/affor/pico-tools/pico-sdk/src/rp2_common/hardware_timer/timer.c.obj
                0x100016ec                timer_hardware_alarm_claim
 .text.timer_time_us_64
                0x10001700       0x10 CMakeFiles/pico_ad7606.dir/C_/Users/affor/pico-tools/pico-sdk/src/rp2_common/hardware_timer/timer.c.obj
                0x10001700                timer_time_us_64
 .text.time_us_64
                0x10001710       0x14 CMakeFiles/pico_ad7606.dir/C_/Users/affor/pico-tools/pico-sdk/src/rp2_common/hardware_timer/timer.c.obj
                0x10001710                time_us_64
 .text.busy_wait_us
                0x10001724       0x6c CMakeFiles/pico_ad7606.dir/C_/Users/affor/pico-tools/pico-sdk/src/rp2_common/hardware_timer/timer.c.obj
                0x10001724                busy_wait_us
 .text.busy_wait_until
                0x10001790       0x20 CMakeFiles/pico_ad7606.dir/C_/Users/affor/pico-tools/pico-sdk/src/rp2_common/hardware_timer/timer.c.obj
                0x10001790                busy_wait_until
 .text.clock_configure_int_divider
                0x100017b0       0xec CMakeFiles/pico_ad7606.dir/C_/Users/affor/pico-tools/pico-sdk/src/rp2_common/hardware_clocks/clocks.c.obj
                0x100017b0                clock_configure_int_divider
 .text.clock_configure_undivided
                0x1000189c       0xe0 CMakeFiles/pico_ad7606.dir/C_/Users/affor/pico-tools/pico-sdk/src/rp2_common/hardware_clocks/clocks.c.obj
                0x1000189c                clock_configure_undivided
 .text.clock_get_hz
                0x1000197c        0xc CMakeFiles/pico_ad7606.dir/C_/Users/affor/pico-tools/pico-sdk/src/rp2_common/hardware_clocks/clocks.c.obj
                0x1000197c                clock_get_hz
 .text.pll_init
                0x10001988       0xb0 CMakeFiles/pico_ad7606.dir/C_/Users/affor/pico-tools/pico-sdk/src/rp2_common/hardware_pll/pll.c.obj
                0x10001988                pll_init
 .text.watchdog_reboot
                0x10001a38       0x9c CMakeFiles/pico_ad7606.dir/C_/Users/affor/pico-tools/pico-sdk/src/rp2_common/hardware_watchdog/watchdog.c.obj
                0x10001a38                watchdog_reboot
 .text.tick_start
                0x10001ad4       0x10 CMakeFiles/pico_ad7606.dir/C_/Users/affor/pico-tools/pico-sdk/src/rp2_common/hardware_ticks/ticks.c.obj
                0x10001ad4                tick_start
 .text.rom_func_lookup
                0x10001ae4       0x10 CMakeFiles/pico_ad7606.dir/C_/Users/affor/pico-tools/pico-sdk/src/rp2_common/pico_bootrom/bootrom.c.obj
                0x10001ae4                rom_func_lookup
 .text.rom_data_lookup
                0x10001af4       0x10 CMakeFiles/pico_ad7606.dir/C_/Users/affor/pico-tools/pico-sdk/src/rp2_common/pico_bootrom/bootrom.c.obj
                0x10001af4                rom_data_lookup
 .text.rom_funcs_lookup
                0x10001b04       0x44 CMakeFiles/pico_ad7606.dir/C_/Users/affor/pico-tools/pico-sdk/src/rp2_common/pico_bootrom/bootrom.c.obj
                0x10001b04                rom_funcs_lookup
 .text.rom_reset_usb_boot_extra
                0x10001b48       0x24 CMakeFiles/pico_ad7606.dir/C_/Users/affor/pico-tools/pico-sdk/src/rp2_common/pico_bootrom/bootrom.c.obj
                0x10001b48                rom_reset_usb_boot_extra
 .text.xosc_init
                0x10001b6c       0x28 CMakeFiles/pico_ad7606.dir/C_/Users/affor/pico-tools/pico-sdk/src/rp2_common/hardware_xosc/xosc.c.obj
                0x10001b6c                xosc_init
 .text.first_per_core_initializer
                0x10001b94        0x4 CMakeFiles/pico_ad7606.dir/C_/Users/affor/pico-tools/pico-sdk/src/rp2_common/pico_runtime/runtime.c.obj
 .text.hard_assertion_failure
                0x10001b98        0xc CMakeFiles/pico_ad7606.dir/C_/Users/affor/pico-tools/pico-sdk/src/rp2_common/pico_runtime/runtime.c.obj
                0x10001b98                hard_assertion_failure
 .text.runtime_run_initializers
                0x10001ba4       0x28 CMakeFiles/pico_ad7606.dir/C_/Users/affor/pico-tools/pico-sdk/src/rp2_common/pico_runtime/runtime.c.obj
                0x10001ba4                runtime_run_initializers
 .text.runtime_init_early_resets
                0x10001bcc       0x2c CMakeFiles/pico_ad7606.dir/C_/Users/affor/pico-tools/pico-sdk/src/rp2_common/pico_runtime_init/runtime_init.c.obj
                0x10001bcc                runtime_init_early_resets
 .text.runtime_init_usb_power_down
                0x10001bf8       0x1c CMakeFiles/pico_ad7606.dir/C_/Users/affor/pico-tools/pico-sdk/src/rp2_common/pico_runtime_init/runtime_init.c.obj
                0x10001bf8                runtime_init_usb_power_down
 .text.runtime_init_post_clock_resets
                0x10001c14       0x20 CMakeFiles/pico_ad7606.dir/C_/Users/affor/pico-tools/pico-sdk/src/rp2_common/pico_runtime_init/runtime_init.c.obj
                0x10001c14                runtime_init_post_clock_resets
 .text.runtime_init_rp2040_gpio_ie_disable
                0x10001c34       0x14 CMakeFiles/pico_ad7606.dir/C_/Users/affor/pico-tools/pico-sdk/src/rp2_common/pico_runtime_init/runtime_init.c.obj
                0x10001c34                runtime_init_rp2040_gpio_ie_disable
 .text.runtime_init_spin_locks_reset
                0x10001c48        0x8 CMakeFiles/pico_ad7606.dir/C_/Users/affor/pico-tools/pico-sdk/src/rp2_common/pico_runtime_init/runtime_init.c.obj
                0x10001c48                runtime_init_spin_locks_reset
 .text.runtime_init_install_ram_vector_table
                0x10001c50       0xb4 CMakeFiles/pico_ad7606.dir/C_/Users/affor/pico-tools/pico-sdk/src/rp2_common/pico_runtime_init/runtime_init.c.obj
                0x10001c50                runtime_init_install_ram_vector_table
 .text.runtime_init_clocks
                0x10001d04       0xd8 CMakeFiles/pico_ad7606.dir/C_/Users/affor/pico-tools/pico-sdk/src/rp2_common/pico_runtime_init/runtime_init_clocks.c.obj
                0x10001d04                runtime_init_clocks
 .text          0x10001ddc       0x10 CMakeFiles/pico_ad7606.dir/C_/Users/affor/pico-tools/pico-sdk/src/rp2_common/pico_bit_ops/bit_ops_aeabi.S.obj
 .text.__wrap___aeabi_idiv
                0x10001dec       0x50 CMakeFiles/pico_ad7606.dir/C_/Users/affor/pico-tools/pico-sdk/src/rp2_common/pico_divider/divider_hardware.S.obj
                0x10001dec                __wrap___aeabi_idivmod
                0x10001dec                divmod_s32s32
                0x10001dec                div_s32s32
                0x10001dec                __wrap___aeabi_idiv
                0x10001e20                divmod_s32s32_savestate
 .text.__wrap___aeabi_uidiv
                0x10001e3c       0x4c CMakeFiles/pico_ad7606.dir/C_/Users/affor/pico-tools/pico-sdk/src/rp2_common/pico_divider/divider_hardware.S.obj
                0x10001e3c                __wrap___aeabi_uidivmod
                0x10001e3c                div_u32u32
                0x10001e3c                divmod_u32u32
                0x10001e3c                __wrap___aeabi_uidiv
                0x10001e6c                divmod_u32u32_savestate
 .text.__wrap___aeabi_ldiv
                0x10001e88      0x424 CMakeFiles/pico_ad7606.dir/C_/Users/affor/pico-tools/pico-sdk/src/rp2_common/pico_divider/divider_hardware.S.obj
                0x10001e88                div_s64s64
                0x10001e88                divmod_s64s64
                0x10001e88                __wrap___aeabi_ldivmod
                0x10001eb8                divmod_u64u64
                0x10001eb8                div_u64u64
                0x10001eb8                __wrap___aeabi_uldivmod
                0x10001ec8                divmod_u64u64_savestate
                0x10001ee8                divmod_s64s64_unsafe
                0x10001f70                divmod_u64u64_unsafe
 .text.__wrap___aeabi_darithmetic
                0x100022ac       0x80 CMakeFiles/pico_ad7606.dir/C_/Users/affor/pico-tools/pico-sdk/src/rp2_common/pico_double/double_aeabi_rp2040.S.obj
                0x100022ac                __wrap___aeabi_drsub
                0x100022b2                __wrap___aeabi_dsub
                0x100022c4                __wrap___aeabi_dadd
                0x100022d6                __wrap___aeabi_ddiv
                0x10002312                __wrap___aeabi_dmul
 .text.__wrap___aeabi_cdcmple
                0x1000232c       0x6c CMakeFiles/pico_ad7606.dir/C_/Users/affor/pico-tools/pico-sdk/src/rp2_common/pico_double/double_aeabi_rp2040.S.obj
                0x1000232c                __wrap___aeabi_cdrcmple
                0x1000233c                __wrap___aeabi_cdcmpeq
                0x1000233c                __wrap___aeabi_cdcmple
 .text.__wrap___aeabi_dcmpeq
                0x10002398       0x10 CMakeFiles/pico_ad7606.dir/C_/Users/affor/pico-tools/pico-sdk/src/rp2_common/pico_double/double_aeabi_rp2040.S.obj
                0x10002398                __wrap___aeabi_dcmpeq
 .text.__wrap___aeabi_dcmplt
                0x100023a8        0xc CMakeFiles/pico_ad7606.dir/C_/Users/affor/pico-tools/pico-sdk/src/rp2_common/pico_double/double_aeabi_rp2040.S.obj
                0x100023a8                __wrap___aeabi_dcmplt
 .text.__wrap___aeabi_dcmple
                0x100023b4       0x10 CMakeFiles/pico_ad7606.dir/C_/Users/affor/pico-tools/pico-sdk/src/rp2_common/pico_double/double_aeabi_rp2040.S.obj
                0x100023b4                __wrap___aeabi_dcmple
 .text.__wrap___aeabi_dcmpge
                0x100023c4       0x10 CMakeFiles/pico_ad7606.dir/C_/Users/affor/pico-tools/pico-sdk/src/rp2_common/pico_double/double_aeabi_rp2040.S.obj
                0x100023c4                __wrap___aeabi_dcmpge
 .text.__wrap___aeabi_dcmpgt
                0x100023d4        0xa CMakeFiles/pico_ad7606.dir/C_/Users/affor/pico-tools/pico-sdk/src/rp2_common/pico_double/double_aeabi_rp2040.S.obj
                0x100023d4                __wrap___aeabi_dcmpgt
 .text.__wrap___aeabi_dcmpun
                0x100023de       0x18 CMakeFiles/pico_ad7606.dir/C_/Users/affor/pico-tools/pico-sdk/src/rp2_common/pico_double/double_aeabi_rp2040.S.obj
                0x100023de                __wrap___aeabi_dcmpun
 *fill*         0x100023f6        0x2 
 .text.__wrap___aeabi_i2d
                0x100023f8       0x38 CMakeFiles/pico_ad7606.dir/C_/Users/affor/pico-tools/pico-sdk/src/rp2_common/pico_double/double_aeabi_rp2040.S.obj
                0x100023f8                uint2double
                0x100023f8                __wrap___aeabi_ui2d
                0x10002400                int2double
                0x10002400                __wrap___aeabi_i2d
 .text.__wrap___aeabi_d2iz
                0x10002430       0x48 CMakeFiles/pico_ad7606.dir/C_/Users/affor/pico-tools/pico-sdk/src/rp2_common/pico_double/double_aeabi_rp2040.S.obj
                0x10002430                double2int_z
                0x10002430                __wrap___aeabi_d2iz
 .text.__wrap___aeabi_d2uiz
                0x10002478       0x18 CMakeFiles/pico_ad7606.dir/C_/Users/affor/pico-tools/pico-sdk/src/rp2_common/pico_double/double_aeabi_rp2040.S.obj
                0x10002478                double2uint
                0x10002478                __wrap___aeabi_d2uiz
                0x10002478                double2uint_z
 .text.__wrap___aeabi_l2d
                0x10002490       0x18 CMakeFiles/pico_ad7606.dir/C_/Users/affor/pico-tools/pico-sdk/src/rp2_common/pico_double/double_aeabi_rp2040.S.obj
                0x10002490                int642double
                0x10002490                __wrap___aeabi_l2d
 .text.__wrap___aeabi_d2lz
                0x100024a8       0x26 CMakeFiles/pico_ad7606.dir/C_/Users/affor/pico-tools/pico-sdk/src/rp2_common/pico_double/double_aeabi_rp2040.S.obj
                0x100024a8                double2int64_z
                0x100024a8                __wrap___aeabi_d2lz
 *fill*         0x100024ce        0x2 
 .text.double2int64
                0x100024d0       0x18 CMakeFiles/pico_ad7606.dir/C_/Users/affor/pico-tools/pico-sdk/src/rp2_common/pico_double/double_aeabi_rp2040.S.obj
                0x100024d0                double2int64
 .text.double2ufix64
                0x100024e8       0x18 CMakeFiles/pico_ad7606.dir/C_/Users/affor/pico-tools/pico-sdk/src/rp2_common/pico_double/double_aeabi_rp2040.S.obj
                0x100024e8                double2ufix64_z
                0x100024e8                double2ufix64
 .text.__wrap___aeabi_d2f
                0x10002500       0x18 CMakeFiles/pico_ad7606.dir/C_/Users/affor/pico-tools/pico-sdk/src/rp2_common/pico_double/double_aeabi_rp2040.S.obj
                0x10002500                __wrap___aeabi_d2f
 .text.__aeabi_double_init
                0x10002518       0xa4 CMakeFiles/pico_ad7606.dir/C_/Users/affor/pico-tools/pico-sdk/src/rp2_common/pico_double/double_init_rom_rp2040.c.obj
                0x10002518                __aeabi_double_init
 .text.double_table_shim_on_use_helper
                0x100025bc       0x2c CMakeFiles/pico_ad7606.dir/C_/Users/affor/pico-tools/pico-sdk/src/rp2_common/pico_double/double_v1_rom_shim_rp2040.S.obj
                0x100025bc                double_table_shim_on_use_helper
 .text.__wrap___aeabi_dsub
                0x100025e8       0x10 CMakeFiles/pico_ad7606.dir/C_/Users/affor/pico-tools/pico-sdk/src/rp2_common/pico_double/double_v1_rom_shim_rp2040.S.obj
                0x100025e8                drsub_shim
                0x100025ee                dsub_shim
 .text.dadd_shim
                0x100025f8      0x15c CMakeFiles/pico_ad7606.dir/C_/Users/affor/pico-tools/pico-sdk/src/rp2_common/pico_double/double_v1_rom_shim_rp2040.S.obj
                0x100025f8                dadd_shim
 .text.dmul_shim
                0x10002754      0x15c CMakeFiles/pico_ad7606.dir/C_/Users/affor/pico-tools/pico-sdk/src/rp2_common/pico_double/double_v1_rom_shim_rp2040.S.obj
                0x10002754                dmul_shim
 .text.ddiv_shim
                0x100028b0      0x1b0 CMakeFiles/pico_ad7606.dir/C_/Users/affor/pico-tools/pico-sdk/src/rp2_common/pico_double/double_v1_rom_shim_rp2040.S.obj
                0x100028b0                ddiv_shim
 .text.double2uint_shim
                0x10002a60        0xe CMakeFiles/pico_ad7606.dir/C_/Users/affor/pico-tools/pico-sdk/src/rp2_common/pico_double/double_v1_rom_shim_rp2040.S.obj
                0x10002a60                double2uint_shim
                0x10002a62                double2ufix_shim
 .text.double2int64_shim
                0x10002a6e       0x1a CMakeFiles/pico_ad7606.dir/C_/Users/affor/pico-tools/pico-sdk/src/rp2_common/pico_double/double_v1_rom_shim_rp2040.S.obj
                0x10002a6e                double2int64_shim
                0x10002a70                double2fix64_shim
 .text.double2uint64_shim
                0x10002a88       0x70 CMakeFiles/pico_ad7606.dir/C_/Users/affor/pico-tools/pico-sdk/src/rp2_common/pico_double/double_v1_rom_shim_rp2040.S.obj
                0x10002a88                double2uint64_shim
                0x10002a8a                double2ufix64_shim
                0x10002aaa                d2fix_a
 .text.double2float_shim
                0x10002af8       0x5c CMakeFiles/pico_ad7606.dir/C_/Users/affor/pico-tools/pico-sdk/src/rp2_common/pico_double/double_v1_rom_shim_rp2040.S.obj
                0x10002af8                double2float_shim
 .text.x2double_shims
                0x10002b54       0x90 CMakeFiles/pico_ad7606.dir/C_/Users/affor/pico-tools/pico-sdk/src/rp2_common/pico_double/double_v1_rom_shim_rp2040.S.obj
                0x10002b54                uint2double_shim
                0x10002b56                ufix2double_shim
                0x10002b5c                int2double_shim
                0x10002b5e                fix2double_shim
                0x10002b64                uint642double_shim
                0x10002b66                ufix642double_shim
                0x10002b6c                int642double_shim
                0x10002b6e                fix642double_shim
 .text.dunpacks
                0x10002be4       0x3c CMakeFiles/pico_ad7606.dir/C_/Users/affor/pico-tools/pico-sdk/src/rp2_common/pico_double/double_v1_rom_shim_rp2040.S.obj
                0x10002be4                dunpacks
 .text.__aeabi_lmul
                0x10002c20       0x32 CMakeFiles/pico_ad7606.dir/C_/Users/affor/pico-tools/pico-sdk/src/rp2_common/pico_int64_ops/pico_int64_ops_aeabi.S.obj
                0x10002c20                __wrap___aeabi_lmul
 *fill*         0x10002c52        0x2 
 .text.__aeabi_float_init
                0x10002c54       0x68 CMakeFiles/pico_ad7606.dir/C_/Users/affor/pico-tools/pico-sdk/src/rp2_common/pico_float/float_init_rom_rp2040.c.obj
                0x10002c54                __aeabi_float_init
 .text.float_table_shim_on_use_helper
                0x10002cbc       0x2c CMakeFiles/pico_ad7606.dir/C_/Users/affor/pico-tools/pico-sdk/src/rp2_common/pico_float/float_v1_rom_shim_rp2040.S.obj
                0x10002cbc                float_table_shim_on_use_helper
 .text.__wrap_malloc
                0x10002ce8       0x24 CMakeFiles/pico_ad7606.dir/C_/Users/affor/pico-tools/pico-sdk/src/rp2_common/pico_malloc/malloc.c.obj
                0x10002ce8                __wrap_malloc
 .text.__wrap_realloc
                0x10002d0c       0x24 CMakeFiles/pico_ad7606.dir/C_/Users/affor/pico-tools/pico-sdk/src/rp2_common/pico_malloc/malloc.c.obj
                0x10002d0c                __wrap_realloc
 .text.__wrap_free
                0x10002d30        0x8 CMakeFiles/pico_ad7606.dir/C_/Users/affor/pico-tools/pico-sdk/src/rp2_common/pico_malloc/malloc.c.obj
                0x10002d30                __wrap_free
 .text          0x10002d38       0x10 CMakeFiles/pico_ad7606.dir/C_/Users/affor/pico-tools/pico-sdk/src/rp2_common/pico_mem_ops/mem_ops_aeabi.S.obj
                0x10002d38                __aeabi_mem_init
 .text.memset   0x10002d48        0xc CMakeFiles/pico_ad7606.dir/C_/Users/affor/pico-tools/pico-sdk/src/rp2_common/pico_mem_ops/mem_ops_aeabi.S.obj
                0x10002d48                __wrap_memset
 .text.memcpy   0x10002d54        0xc CMakeFiles/pico_ad7606.dir/C_/Users/affor/pico-tools/pico-sdk/src/rp2_common/pico_mem_ops/mem_ops_aeabi.S.obj
                0x10002d54                __wrap_memcpy
                0x10002d54                __wrap___aeabi_memcpy
 .text._out_buffer
                0x10002d60        0x8 CMakeFiles/pico_ad7606.dir/C_/Users/affor/pico-tools/pico-sdk/src/rp2_common/pico_printf/printf.c.obj
 .text._out_null
                0x10002d68        0x4 CMakeFiles/pico_ad7606.dir/C_/Users/affor/pico-tools/pico-sdk/src/rp2_common/pico_printf/printf.c.obj
 .text._out_rev
                0x10002d6c       0xa8 CMakeFiles/pico_ad7606.dir/C_/Users/affor/pico-tools/pico-sdk/src/rp2_common/pico_printf/printf.c.obj
 .text._ntoa_format
                0x10002e14      0x1d8 CMakeFiles/pico_ad7606.dir/C_/Users/affor/pico-tools/pico-sdk/src/rp2_common/pico_printf/printf.c.obj
 .text._out_char
                0x10002fec       0x10 CMakeFiles/pico_ad7606.dir/C_/Users/affor/pico-tools/pico-sdk/src/rp2_common/pico_printf/printf.c.obj
 .text._out_fct
                0x10002ffc       0x10 CMakeFiles/pico_ad7606.dir/C_/Users/affor/pico-tools/pico-sdk/src/rp2_common/pico_printf/printf.c.obj
 .text._ftoa    0x1000300c      0x474 CMakeFiles/pico_ad7606.dir/C_/Users/affor/pico-tools/pico-sdk/src/rp2_common/pico_printf/printf.c.obj
 .text._etoa    0x10003480      0x560 CMakeFiles/pico_ad7606.dir/C_/Users/affor/pico-tools/pico-sdk/src/rp2_common/pico_printf/printf.c.obj
 .text._vsnprintf
                0x100039e0      0xab8 CMakeFiles/pico_ad7606.dir/C_/Users/affor/pico-tools/pico-sdk/src/rp2_common/pico_printf/printf.c.obj
 .text.__wrap_sprintf
                0x10004498       0x28 CMakeFiles/pico_ad7606.dir/C_/Users/affor/pico-tools/pico-sdk/src/rp2_common/pico_printf/printf.c.obj
                0x10004498                __wrap_sprintf
 .text.vfctprintf
                0x100044c0       0x20 CMakeFiles/pico_ad7606.dir/C_/Users/affor/pico-tools/pico-sdk/src/rp2_common/pico_printf/printf.c.obj
                0x100044c0                vfctprintf
 .text.weak_raw_printf
                0x100044e0       0x40 CMakeFiles/pico_ad7606.dir/C_/Users/affor/pico-tools/pico-sdk/src/rp2_common/pico_printf/printf.c.obj
                0x100044e0                weak_raw_printf
 .text.weak_raw_vprintf
                0x10004520       0x30 CMakeFiles/pico_ad7606.dir/C_/Users/affor/pico-tools/pico-sdk/src/rp2_common/pico_printf/printf.c.obj
                0x10004520                weak_raw_vprintf
 .text._exit    0x10004550        0x4 CMakeFiles/pico_ad7606.dir/C_/Users/affor/pico-tools/pico-sdk/src/rp2_common/pico_clib_interface/newlib_interface.c.obj
                0x10004550                _exit
 .text._fini    0x10004554        0x4 CMakeFiles/pico_ad7606.dir/C_/Users/affor/pico-tools/pico-sdk/src/rp2_common/pico_clib_interface/newlib_interface.c.obj
                0x10004554                _fini
 .text._sbrk    0x10004558       0x34 CMakeFiles/pico_ad7606.dir/C_/Users/affor/pico-tools/pico-sdk/src/rp2_common/pico_clib_interface/newlib_interface.c.obj
                0x10004558                _sbrk
 .text._read    0x1000458c       0x20 CMakeFiles/pico_ad7606.dir/C_/Users/affor/pico-tools/pico-sdk/src/rp2_common/pico_clib_interface/newlib_interface.c.obj
                0x1000458c                _read
 .text._write   0x100045ac       0x20 CMakeFiles/pico_ad7606.dir/C_/Users/affor/pico-tools/pico-sdk/src/rp2_common/pico_clib_interface/newlib_interface.c.obj
                0x100045ac                _write
 .text._close   0x100045cc        0x8 CMakeFiles/pico_ad7606.dir/C_/Users/affor/pico-tools/pico-sdk/src/rp2_common/pico_clib_interface/newlib_interface.c.obj
                0x100045cc                _close
 .text._lseek   0x100045d4        0x8 CMakeFiles/pico_ad7606.dir/C_/Users/affor/pico-tools/pico-sdk/src/rp2_common/pico_clib_interface/newlib_interface.c.obj
                0x100045d4                _lseek
 .text._fstat   0x100045dc        0x8 CMakeFiles/pico_ad7606.dir/C_/Users/affor/pico-tools/pico-sdk/src/rp2_common/pico_clib_interface/newlib_interface.c.obj
                0x100045dc                _fstat
 .text._isatty  0x100045e4        0xc CMakeFiles/pico_ad7606.dir/C_/Users/affor/pico-tools/pico-sdk/src/rp2_common/pico_clib_interface/newlib_interface.c.obj
                0x100045e4                _isatty
 .text.exit     0x100045f0        0x8 CMakeFiles/pico_ad7606.dir/C_/Users/affor/pico-tools/pico-sdk/src/rp2_common/pico_clib_interface/newlib_interface.c.obj
                0x100045f0                exit
 .text.__assert_func
                0x100045f8       0x38 CMakeFiles/pico_ad7606.dir/C_/Users/affor/pico-tools/pico-sdk/src/rp2_common/pico_clib_interface/newlib_interface.c.obj
                0x100045f8                __assert_func
 .text.runtime_init
                0x10004630       0x2c CMakeFiles/pico_ad7606.dir/C_/Users/affor/pico-tools/pico-sdk/src/rp2_common/pico_clib_interface/newlib_interface.c.obj
                0x10004630                runtime_init
 .text.stdio_out_chars_no_crlf
                0x1000465c       0x10 CMakeFiles/pico_ad7606.dir/C_/Users/affor/pico-tools/pico-sdk/src/rp2_common/pico_stdio/stdio.c.obj
 .text.stdio_out_chars_crlf
                0x1000466c       0x90 CMakeFiles/pico_ad7606.dir/C_/Users/affor/pico-tools/pico-sdk/src/rp2_common/pico_stdio/stdio.c.obj
 .text.stdio_buffered_printer
                0x100046fc       0x58 CMakeFiles/pico_ad7606.dir/C_/Users/affor/pico-tools/pico-sdk/src/rp2_common/pico_stdio/stdio.c.obj
 .text.stdio_put_string
                0x10004754       0xf4 CMakeFiles/pico_ad7606.dir/C_/Users/affor/pico-tools/pico-sdk/src/rp2_common/pico_stdio/stdio.c.obj
                0x10004754                stdio_put_string
 .text.stdio_get_until
                0x10004848       0x7c CMakeFiles/pico_ad7606.dir/C_/Users/affor/pico-tools/pico-sdk/src/rp2_common/pico_stdio/stdio.c.obj
                0x10004848                stdio_get_until
 .text.stdio_set_driver_enabled
                0x100048c4       0x30 CMakeFiles/pico_ad7606.dir/C_/Users/affor/pico-tools/pico-sdk/src/rp2_common/pico_stdio/stdio.c.obj
                0x100048c4                stdio_set_driver_enabled
 .text.stdio_init_all
                0x100048f4        0x8 CMakeFiles/pico_ad7606.dir/C_/Users/affor/pico-tools/pico-sdk/src/rp2_common/pico_stdio/stdio.c.obj
                0x100048f4                stdio_init_all
 .text.stdio_getchar_timeout_us
                0x100048fc       0x98 CMakeFiles/pico_ad7606.dir/C_/Users/affor/pico-tools/pico-sdk/src/rp2_common/pico_stdio/stdio.c.obj
                0x100048fc                stdio_getchar_timeout_us
 .text.__wrap_putchar
                0x10004994       0x94 CMakeFiles/pico_ad7606.dir/C_/Users/affor/pico-tools/pico-sdk/src/rp2_common/pico_stdio/stdio.c.obj
                0x10004994                __wrap_putchar
                0x10004994                stdio_putchar
 .text.__wrap_puts
                0x10004a28       0x3c CMakeFiles/pico_ad7606.dir/C_/Users/affor/pico-tools/pico-sdk/src/rp2_common/pico_stdio/stdio.c.obj
                0x10004a28                stdio_puts
                0x10004a28                __wrap_puts
 .text.__wrap_vprintf
                0x10004a64       0xc8 CMakeFiles/pico_ad7606.dir/C_/Users/affor/pico-tools/pico-sdk/src/rp2_common/pico_stdio/stdio.c.obj
                0x10004a64                stdio_vprintf
                0x10004a64                __wrap_vprintf
 .text.__wrap_printf
                0x10004b2c       0x18 CMakeFiles/pico_ad7606.dir/C_/Users/affor/pico-tools/pico-sdk/src/rp2_common/pico_stdio/stdio.c.obj
                0x10004b2c                __wrap_printf
                0x10004b2c                stdio_printf
 .text.stdio_usb_set_chars_available_callback
                0x10004b44       0x14 CMakeFiles/pico_ad7606.dir/C_/Users/affor/pico-tools/pico-sdk/src/rp2_common/pico_stdio_usb/stdio_usb.c.obj
                0x10004b44                stdio_usb_set_chars_available_callback
 .text.usb_irq  0x10004b58       0x10 CMakeFiles/pico_ad7606.dir/C_/Users/affor/pico-tools/pico-sdk/src/rp2_common/pico_stdio_usb/stdio_usb.c.obj
 .text.timer_task
                0x10004b68       0x64 CMakeFiles/pico_ad7606.dir/C_/Users/affor/pico-tools/pico-sdk/src/rp2_common/pico_stdio_usb/stdio_usb.c.obj
 .text.stdio_usb_in_chars
                0x10004bcc       0x8c CMakeFiles/pico_ad7606.dir/C_/Users/affor/pico-tools/pico-sdk/src/rp2_common/pico_stdio_usb/stdio_usb.c.obj
                0x10004bcc                stdio_usb_in_chars
 .text.stdio_usb_out_flush
                0x10004c58       0x4c CMakeFiles/pico_ad7606.dir/C_/Users/affor/pico-tools/pico-sdk/src/rp2_common/pico_stdio_usb/stdio_usb.c.obj
 .text.stdio_usb_out_chars
                0x10004ca4       0xf8 CMakeFiles/pico_ad7606.dir/C_/Users/affor/pico-tools/pico-sdk/src/rp2_common/pico_stdio_usb/stdio_usb.c.obj
 .text.low_priority_worker_irq
                0x10004d9c       0xc4 CMakeFiles/pico_ad7606.dir/C_/Users/affor/pico-tools/pico-sdk/src/rp2_common/pico_stdio_usb/stdio_usb.c.obj
 .text.stdio_usb_init
                0x10004e60       0xe4 CMakeFiles/pico_ad7606.dir/C_/Users/affor/pico-tools/pico-sdk/src/rp2_common/pico_stdio_usb/stdio_usb.c.obj
                0x10004e60                stdio_usb_init
 .text.tud_descriptor_device_cb
                0x10004f44        0x8 CMakeFiles/pico_ad7606.dir/C_/Users/affor/pico-tools/pico-sdk/src/rp2_common/pico_stdio_usb/stdio_usb_descriptors.c.obj
                0x10004f44                tud_descriptor_device_cb
 .text.tud_descriptor_configuration_cb
                0x10004f4c        0x8 CMakeFiles/pico_ad7606.dir/C_/Users/affor/pico-tools/pico-sdk/src/rp2_common/pico_stdio_usb/stdio_usb_descriptors.c.obj
                0x10004f4c                tud_descriptor_configuration_cb
 .text.tud_descriptor_string_cb
                0x10004f54       0x70 CMakeFiles/pico_ad7606.dir/C_/Users/affor/pico-tools/pico-sdk/src/rp2_common/pico_stdio_usb/stdio_usb_descriptors.c.obj
                0x10004f54                tud_descriptor_string_cb
 .text.startup._retrieve_unique_id_on_boot
                0x10004fc4       0x10 CMakeFiles/pico_ad7606.dir/C_/Users/affor/pico-tools/pico-sdk/src/rp2_common/pico_unique_id/unique_id.c.obj
 .text.pico_get_unique_board_id_string
                0x10004fd4      0x1e0 CMakeFiles/pico_ad7606.dir/C_/Users/affor/pico-tools/pico-sdk/src/rp2_common/pico_unique_id/unique_id.c.obj
                0x10004fd4                pico_get_unique_board_id_string
 .text.flash_get_unique_id
                0x100051b4       0x3c CMakeFiles/pico_ad7606.dir/C_/Users/affor/pico-tools/pico-sdk/src/rp2_common/hardware_flash/flash.c.obj
                0x100051b4                flash_get_unique_id
 .text.usb_reset_interface_init
                0x100051f0        0x4 CMakeFiles/pico_ad7606.dir/C_/Users/affor/pico-tools/pico-sdk/src/rp2_common/pico_usb_reset/usb_reset.c.obj
                0x100051f0                usb_reset_interface_init
 .text.usb_reset_interface_reset
                0x100051f4        0xc CMakeFiles/pico_ad7606.dir/C_/Users/affor/pico-tools/pico-sdk/src/rp2_common/pico_usb_reset/usb_reset.c.obj
                0x100051f4                usb_reset_interface_reset
 .text.usb_reset_interface_open
                0x10005200       0x28 CMakeFiles/pico_ad7606.dir/C_/Users/affor/pico-tools/pico-sdk/src/rp2_common/pico_usb_reset/usb_reset.c.obj
                0x10005200                usb_reset_interface_open
 .text.usb_reset_interface_xfer_cb
                0x10005228        0x4 CMakeFiles/pico_ad7606.dir/C_/Users/affor/pico-tools/pico-sdk/src/rp2_common/pico_usb_reset/usb_reset.c.obj
                0x10005228                usb_reset_interface_xfer_cb
 .text.usb_reset_interface_control_xfer_cb
                0x1000522c       0x60 CMakeFiles/pico_ad7606.dir/C_/Users/affor/pico-tools/pico-sdk/src/rp2_common/pico_usb_reset/usb_reset.c.obj
                0x1000522c                usb_reset_interface_control_xfer_cb
 .text.tud_descriptor_bos_cb
                0x1000528c        0x8 CMakeFiles/pico_ad7606.dir/C_/Users/affor/pico-tools/pico-sdk/src/rp2_common/pico_usb_reset/usb_reset.c.obj
                0x1000528c                tud_descriptor_bos_cb
 .text.tud_vendor_control_xfer_cb
                0x10005294       0x38 CMakeFiles/pico_ad7606.dir/C_/Users/affor/pico-tools/pico-sdk/src/rp2_common/pico_usb_reset/usb_reset.c.obj
                0x10005294                tud_vendor_control_xfer_cb
 .text.usbd_app_driver_get_cb
                0x100052cc        0xc CMakeFiles/pico_ad7606.dir/C_/Users/affor/pico-tools/pico-sdk/src/rp2_common/pico_usb_reset/usb_reset.c.obj
                0x100052cc                usbd_app_driver_get_cb
 .text.tud_cdc_line_coding_cb
                0x100052d8       0x2c CMakeFiles/pico_ad7606.dir/C_/Users/affor/pico-tools/pico-sdk/src/rp2_common/pico_usb_reset/usb_reset.c.obj
                0x100052d8                tud_cdc_line_coding_cb
 .text.dcd_init
                0x10005304       0x90 CMakeFiles/pico_ad7606.dir/C_/Users/affor/pico-tools/pico-sdk/lib/tinyusb/src/portable/raspberrypi/rp2040/dcd_rp2040.c.obj
                0x10005304                dcd_init
 .text.dcd_int_enable
                0x10005394        0xc CMakeFiles/pico_ad7606.dir/C_/Users/affor/pico-tools/pico-sdk/lib/tinyusb/src/portable/raspberrypi/rp2040/dcd_rp2040.c.obj
                0x10005394                dcd_int_enable
 .text.dcd_set_address
                0x100053a0       0x14 CMakeFiles/pico_ad7606.dir/C_/Users/affor/pico-tools/pico-sdk/lib/tinyusb/src/portable/raspberrypi/rp2040/dcd_rp2040.c.obj
                0x100053a0                dcd_set_address
 .text.dcd_sof_enable
                0x100053b4       0x1c CMakeFiles/pico_ad7606.dir/C_/Users/affor/pico-tools/pico-sdk/lib/tinyusb/src/portable/raspberrypi/rp2040/dcd_rp2040.c.obj
                0x100053b4                dcd_sof_enable
 .text.dcd_edpt0_status_complete
                0x100053d0       0x1c CMakeFiles/pico_ad7606.dir/C_/Users/affor/pico-tools/pico-sdk/lib/tinyusb/src/portable/raspberrypi/rp2040/dcd_rp2040.c.obj
                0x100053d0                dcd_edpt0_status_complete
 .text.dcd_edpt_open
                0x100053ec       0xfc CMakeFiles/pico_ad7606.dir/C_/Users/affor/pico-tools/pico-sdk/lib/tinyusb/src/portable/raspberrypi/rp2040/dcd_rp2040.c.obj
                0x100053ec                dcd_edpt_open
 .text.dcd_edpt_close_all
                0x100054e8        0x8 CMakeFiles/pico_ad7606.dir/C_/Users/affor/pico-tools/pico-sdk/lib/tinyusb/src/portable/raspberrypi/rp2040/dcd_rp2040.c.obj
                0x100054e8                dcd_edpt_close_all
 .text.dcd_edpt_xfer
                0x100054f0       0x24 CMakeFiles/pico_ad7606.dir/C_/Users/affor/pico-tools/pico-sdk/lib/tinyusb/src/portable/raspberrypi/rp2040/dcd_rp2040.c.obj
                0x100054f0                dcd_edpt_xfer
 .text.dcd_edpt_stall
                0x10005514       0x3c CMakeFiles/pico_ad7606.dir/C_/Users/affor/pico-tools/pico-sdk/lib/tinyusb/src/portable/raspberrypi/rp2040/dcd_rp2040.c.obj
                0x10005514                dcd_edpt_stall
 .text.dcd_edpt_clear_stall
                0x10005550       0x30 CMakeFiles/pico_ad7606.dir/C_/Users/affor/pico-tools/pico-sdk/lib/tinyusb/src/portable/raspberrypi/rp2040/dcd_rp2040.c.obj
                0x10005550                dcd_edpt_clear_stall
 .text.rp2040_usb_init
                0x10005580       0x40 CMakeFiles/pico_ad7606.dir/C_/Users/affor/pico-tools/pico-sdk/lib/tinyusb/src/portable/raspberrypi/rp2040/rp2040_usb.c.obj
                0x10005580                rp2040_usb_init
 .text.hw_endpoint_xfer_start
                0x100055c0       0x40 CMakeFiles/pico_ad7606.dir/C_/Users/affor/pico-tools/pico-sdk/lib/tinyusb/src/portable/raspberrypi/rp2040/rp2040_usb.c.obj
                0x100055c0                hw_endpoint_xfer_start
 .text.tud_event_hook_cb
                0x10005600        0x4 CMakeFiles/pico_ad7606.dir/C_/Users/affor/pico-tools/pico-sdk/lib/tinyusb/src/device/usbd.c.obj
                0x10005600                tud_event_hook_cb
 .text.tud_sof_cb
                0x10005604        0x4 CMakeFiles/pico_ad7606.dir/C_/Users/affor/pico-tools/pico-sdk/lib/tinyusb/src/device/usbd.c.obj
                0x10005604                tud_sof_cb
 .text.tud_descriptor_device_qualifier_cb
                0x10005608        0x4 CMakeFiles/pico_ad7606.dir/C_/Users/affor/pico-tools/pico-sdk/lib/tinyusb/src/device/usbd.c.obj
                0x10005608                tud_descriptor_device_qualifier_cb
 .text.tud_descriptor_other_speed_configuration_cb
                0x1000560c        0x4 CMakeFiles/pico_ad7606.dir/C_/Users/affor/pico-tools/pico-sdk/lib/tinyusb/src/device/usbd.c.obj
                0x1000560c                tud_descriptor_other_speed_configuration_cb
 .text.tud_mount_cb
                0x10005610        0x4 CMakeFiles/pico_ad7606.dir/C_/Users/affor/pico-tools/pico-sdk/lib/tinyusb/src/device/usbd.c.obj
                0x10005610                tud_mount_cb
 .text.tud_umount_cb
                0x10005614        0x4 CMakeFiles/pico_ad7606.dir/C_/Users/affor/pico-tools/pico-sdk/lib/tinyusb/src/device/usbd.c.obj
                0x10005614                tud_umount_cb
 .text.tud_suspend_cb
                0x10005618        0x4 CMakeFiles/pico_ad7606.dir/C_/Users/affor/pico-tools/pico-sdk/lib/tinyusb/src/device/usbd.c.obj
                0x10005618                tud_suspend_cb
 .text.tud_resume_cb
                0x1000561c        0x4 CMakeFiles/pico_ad7606.dir/C_/Users/affor/pico-tools/pico-sdk/lib/tinyusb/src/device/usbd.c.obj
                0x1000561c                tud_resume_cb
 .text.tud_mounted
                0x10005620       0x10 CMakeFiles/pico_ad7606.dir/C_/Users/affor/pico-tools/pico-sdk/lib/tinyusb/src/device/usbd.c.obj
                0x10005620                tud_mounted
 .text.tud_suspended
                0x10005630       0x10 CMakeFiles/pico_ad7606.dir/C_/Users/affor/pico-tools/pico-sdk/lib/tinyusb/src/device/usbd.c.obj
                0x10005630                tud_suspended
 .text.tud_rhport_init
                0x10005640       0xe8 CMakeFiles/pico_ad7606.dir/C_/Users/affor/pico-tools/pico-sdk/lib/tinyusb/src/device/usbd.c.obj
                0x10005640                tud_rhport_init
 .text.tud_task_ext
                0x10005728      0x7d8 CMakeFiles/pico_ad7606.dir/C_/Users/affor/pico-tools/pico-sdk/lib/tinyusb/src/device/usbd.c.obj
                0x10005728                tud_task_ext
 .text.usbd_open_edpt_pair
                0x10005f00       0x98 CMakeFiles/pico_ad7606.dir/C_/Users/affor/pico-tools/pico-sdk/lib/tinyusb/src/device/usbd.c.obj
                0x10005f00                usbd_open_edpt_pair
 .text.usbd_edpt_open
                0x10005f98       0x34 CMakeFiles/pico_ad7606.dir/C_/Users/affor/pico-tools/pico-sdk/lib/tinyusb/src/device/usbd.c.obj
                0x10005f98                usbd_edpt_open
 .text.usbd_edpt_claim
                0x10005fcc       0x28 CMakeFiles/pico_ad7606.dir/C_/Users/affor/pico-tools/pico-sdk/lib/tinyusb/src/device/usbd.c.obj
                0x10005fcc                usbd_edpt_claim
 .text.usbd_edpt_release
                0x10005ff4       0x28 CMakeFiles/pico_ad7606.dir/C_/Users/affor/pico-tools/pico-sdk/lib/tinyusb/src/device/usbd.c.obj
                0x10005ff4                usbd_edpt_release
 .text.usbd_edpt_xfer
                0x1000601c       0x50 CMakeFiles/pico_ad7606.dir/C_/Users/affor/pico-tools/pico-sdk/lib/tinyusb/src/device/usbd.c.obj
                0x1000601c                usbd_edpt_xfer
 .text.tud_control_status
                0x1000606c       0x2c CMakeFiles/pico_ad7606.dir/C_/Users/affor/pico-tools/pico-sdk/lib/tinyusb/src/device/usbd_control.c.obj
                0x1000606c                tud_control_status
 .text.tud_control_xfer
                0x10006098       0xa0 CMakeFiles/pico_ad7606.dir/C_/Users/affor/pico-tools/pico-sdk/lib/tinyusb/src/device/usbd_control.c.obj
                0x10006098                tud_control_xfer
 .text.usbd_control_reset
                0x10006138       0x14 CMakeFiles/pico_ad7606.dir/C_/Users/affor/pico-tools/pico-sdk/lib/tinyusb/src/device/usbd_control.c.obj
                0x10006138                usbd_control_reset
 .text.usbd_control_set_complete_callback
                0x1000614c        0xc CMakeFiles/pico_ad7606.dir/C_/Users/affor/pico-tools/pico-sdk/lib/tinyusb/src/device/usbd_control.c.obj
                0x1000614c                usbd_control_set_complete_callback
 .text.usbd_control_set_request
                0x10006158       0x1c CMakeFiles/pico_ad7606.dir/C_/Users/affor/pico-tools/pico-sdk/lib/tinyusb/src/device/usbd_control.c.obj
                0x10006158                usbd_control_set_request
 .text.usbd_control_xfer_cb
                0x10006174       0xe8 CMakeFiles/pico_ad7606.dir/C_/Users/affor/pico-tools/pico-sdk/lib/tinyusb/src/device/usbd_control.c.obj
                0x10006174                usbd_control_xfer_cb
 .text._prep_out_transaction.isra.0
                0x1000625c       0x6c CMakeFiles/pico_ad7606.dir/C_/Users/affor/pico-tools/pico-sdk/lib/tinyusb/src/class/cdc/cdc_device.c.obj
 .text.tud_cdc_n_connected
                0x100062c8       0x2c CMakeFiles/pico_ad7606.dir/C_/Users/affor/pico-tools/pico-sdk/lib/tinyusb/src/class/cdc/cdc_device.c.obj
                0x100062c8                tud_cdc_n_connected
 .text.tud_cdc_n_available
                0x100062f4       0x14 CMakeFiles/pico_ad7606.dir/C_/Users/affor/pico-tools/pico-sdk/lib/tinyusb/src/class/cdc/cdc_device.c.obj
                0x100062f4                tud_cdc_n_available
 .text.tud_cdc_n_read
                0x10006308       0x88 CMakeFiles/pico_ad7606.dir/C_/Users/affor/pico-tools/pico-sdk/lib/tinyusb/src/class/cdc/cdc_device.c.obj
                0x10006308                tud_cdc_n_read
 .text.tud_cdc_n_write_flush
                0x10006390       0x78 CMakeFiles/pico_ad7606.dir/C_/Users/affor/pico-tools/pico-sdk/lib/tinyusb/src/class/cdc/cdc_device.c.obj
                0x10006390                tud_cdc_n_write_flush
 .text.tud_cdc_n_write
                0x10006408       0x40 CMakeFiles/pico_ad7606.dir/C_/Users/affor/pico-tools/pico-sdk/lib/tinyusb/src/class/cdc/cdc_device.c.obj
                0x10006408                tud_cdc_n_write
 .text.tud_cdc_n_write_available
                0x10006448       0x14 CMakeFiles/pico_ad7606.dir/C_/Users/affor/pico-tools/pico-sdk/lib/tinyusb/src/class/cdc/cdc_device.c.obj
                0x10006448                tud_cdc_n_write_available
 .text.cdcd_init
                0x1000645c       0x70 CMakeFiles/pico_ad7606.dir/C_/Users/affor/pico-tools/pico-sdk/lib/tinyusb/src/class/cdc/cdc_device.c.obj
                0x1000645c                cdcd_init
 .text.cdcd_deinit
                0x100064cc       0x30 CMakeFiles/pico_ad7606.dir/C_/Users/affor/pico-tools/pico-sdk/lib/tinyusb/src/class/cdc/cdc_device.c.obj
                0x100064cc                cdcd_deinit
 .text.cdcd_reset
                0x100064fc       0x48 CMakeFiles/pico_ad7606.dir/C_/Users/affor/pico-tools/pico-sdk/lib/tinyusb/src/class/cdc/cdc_device.c.obj
                0x100064fc                cdcd_reset
 .text.cdcd_open
                0x10006544       0xa8 CMakeFiles/pico_ad7606.dir/C_/Users/affor/pico-tools/pico-sdk/lib/tinyusb/src/class/cdc/cdc_device.c.obj
                0x10006544                cdcd_open
 .text.cdcd_control_xfer_cb
                0x100065ec       0xf0 CMakeFiles/pico_ad7606.dir/C_/Users/affor/pico-tools/pico-sdk/lib/tinyusb/src/class/cdc/cdc_device.c.obj
                0x100065ec                cdcd_control_xfer_cb
 .text.cdcd_xfer_cb
                0x100066dc       0xf8 CMakeFiles/pico_ad7606.dir/C_/Users/affor/pico-tools/pico-sdk/lib/tinyusb/src/class/cdc/cdc_device.c.obj
                0x100066dc                cdcd_xfer_cb
 .text.tusb_rhport_init
                0x100067d4       0x4c CMakeFiles/pico_ad7606.dir/C_/Users/affor/pico-tools/pico-sdk/lib/tinyusb/src/tusb.c.obj
                0x100067d4                tusb_rhport_init
 .text.tu_edpt_claim
                0x10006820       0x50 CMakeFiles/pico_ad7606.dir/C_/Users/affor/pico-tools/pico-sdk/lib/tinyusb/src/tusb.c.obj
                0x10006820                tu_edpt_claim
 .text.tu_edpt_release
                0x10006870       0x38 CMakeFiles/pico_ad7606.dir/C_/Users/affor/pico-tools/pico-sdk/lib/tinyusb/src/tusb.c.obj
                0x10006870                tu_edpt_release
 .text.tu_edpt_validate
                0x100068a8       0x74 CMakeFiles/pico_ad7606.dir/C_/Users/affor/pico-tools/pico-sdk/lib/tinyusb/src/tusb.c.obj
                0x100068a8                tu_edpt_validate
 .text.tu_edpt_bind_driver
                0x1000691c       0x34 CMakeFiles/pico_ad7606.dir/C_/Users/affor/pico-tools/pico-sdk/lib/tinyusb/src/tusb.c.obj
                0x1000691c                tu_edpt_bind_driver
 .text.tu_fifo_config
                0x10006950       0x6c CMakeFiles/pico_ad7606.dir/C_/Users/affor/pico-tools/pico-sdk/lib/tinyusb/src/common/tusb_fifo.c.obj
                0x10006950                tu_fifo_config
 .text.tu_fifo_count
                0x100069bc       0x2c CMakeFiles/pico_ad7606.dir/C_/Users/affor/pico-tools/pico-sdk/lib/tinyusb/src/common/tusb_fifo.c.obj
                0x100069bc                tu_fifo_count
 .text.tu_fifo_empty
                0x100069e8       0x10 CMakeFiles/pico_ad7606.dir/C_/Users/affor/pico-tools/pico-sdk/lib/tinyusb/src/common/tusb_fifo.c.obj
                0x100069e8                tu_fifo_empty
 .text.tu_fifo_remaining
                0x100069f8       0x2c CMakeFiles/pico_ad7606.dir/C_/Users/affor/pico-tools/pico-sdk/lib/tinyusb/src/common/tusb_fifo.c.obj
                0x100069f8                tu_fifo_remaining
 .text.tu_fifo_read
                0x10006a24       0x9c CMakeFiles/pico_ad7606.dir/C_/Users/affor/pico-tools/pico-sdk/lib/tinyusb/src/common/tusb_fifo.c.obj
                0x10006a24                tu_fifo_read
 .text.tu_fifo_read_n
                0x10006ac0       0xec CMakeFiles/pico_ad7606.dir/C_/Users/affor/pico-tools/pico-sdk/lib/tinyusb/src/common/tusb_fifo.c.obj
                0x10006ac0                tu_fifo_read_n
 .text.tu_fifo_write
                0x10006bac       0xa4 CMakeFiles/pico_ad7606.dir/C_/Users/affor/pico-tools/pico-sdk/lib/tinyusb/src/common/tusb_fifo.c.obj
                0x10006bac                tu_fifo_write
 .text.tu_fifo_write_n
                0x10006c50      0x168 CMakeFiles/pico_ad7606.dir/C_/Users/affor/pico-tools/pico-sdk/lib/tinyusb/src/common/tusb_fifo.c.obj
                0x10006c50                tu_fifo_write_n
 .text.tu_fifo_clear
                0x10006db8       0x40 CMakeFiles/pico_ad7606.dir/C_/Users/affor/pico-tools/pico-sdk/lib/tinyusb/src/common/tusb_fifo.c.obj
                0x10006db8                tu_fifo_clear
 .text.tu_fifo_set_overwritable
                0x10006df8       0x48 CMakeFiles/pico_ad7606.dir/C_/Users/affor/pico-tools/pico-sdk/lib/tinyusb/src/common/tusb_fifo.c.obj
                0x10006df8                tu_fifo_set_overwritable
 .text.spi_init
                0x10006e40      0x114 CMakeFiles/pico_ad7606.dir/C_/Users/affor/pico-tools/pico-sdk/src/rp2_common/hardware_spi/spi.c.obj
                0x10006e40                spi_init
 .text._calloc_r
                0x10006f54       0xb8 C:/Users/affor/pico-tools/xpack-arm-none-eabi-gcc-15.2.1-1.1/bin/../lib/gcc/arm-none-eabi/15.2.1/../../../../arm-none-eabi/lib/thumb/v6-m/nofp\libg.a(libc_a-callocr.o)
                0x10006f54                _calloc_r
 .text.malloc   0x1000700c       0x14 C:/Users/affor/pico-tools/xpack-arm-none-eabi-gcc-15.2.1-1.1/bin/../lib/gcc/arm-none-eabi/15.2.1/../../../../arm-none-eabi/lib/thumb/v6-m/nofp\libg.a(libc_a-malloc.o)
                0x1000700c                malloc
 .text.free     0x10007020       0x14 C:/Users/affor/pico-tools/xpack-arm-none-eabi-gcc-15.2.1-1.1/bin/../lib/gcc/arm-none-eabi/15.2.1/../../../../arm-none-eabi/lib/thumb/v6-m/nofp\libg.a(libc_a-malloc.o)
                0x10007020                free
 .text._malloc_r
                0x10007034      0x564 C:/Users/affor/pico-tools/xpack-arm-none-eabi-gcc-15.2.1-1.1/bin/../lib/gcc/arm-none-eabi/15.2.1/../../../../arm-none-eabi/lib/thumb/v6-m/nofp\libg.a(libc_a-mallocr.o)
                0x10007034                _malloc_r
 .text.__malloc_lock
                0x10007598       0x10 C:/Users/affor/pico-tools/xpack-arm-none-eabi-gcc-15.2.1-1.1/bin/../lib/gcc/arm-none-eabi/15.2.1/../../../../arm-none-eabi/lib/thumb/v6-m/nofp\libg.a(libc_a-mlock.o)
                0x10007598                __malloc_lock
 .text.__malloc_unlock
                0x100075a8       0x10 C:/Users/affor/pico-tools/xpack-arm-none-eabi-gcc-15.2.1-1.1/bin/../lib/gcc/arm-none-eabi/15.2.1/../../../../arm-none-eabi/lib/thumb/v6-m/nofp\libg.a(libc_a-mlock.o)
                0x100075a8                __malloc_unlock
 .text.realloc  0x100075b8       0x14 C:/Users/affor/pico-tools/xpack-arm-none-eabi-gcc-15.2.1-1.1/bin/../lib/gcc/arm-none-eabi/15.2.1/../../../../arm-none-eabi/lib/thumb/v6-m/nofp\libg.a(libc_a-realloc.o)
                0x100075b8                realloc
 .text._realloc_r
                0x100075cc      0x328 C:/Users/affor/pico-tools/xpack-arm-none-eabi-gcc-15.2.1-1.1/bin/../lib/gcc/arm-none-eabi/15.2.1/../../../../arm-none-eabi/lib/thumb/v6-m/nofp\libg.a(libc_a-reallocr.o)
                0x100075cc                _realloc_r
 .text.__sflush_r
                0x100078f4      0x148 C:/Users/affor/pico-tools/xpack-arm-none-eabi-gcc-15.2.1-1.1/bin/../lib/gcc/arm-none-eabi/15.2.1/../../../../arm-none-eabi/lib/thumb/v6-m/nofp\libg.a(libc_a-fflush.o)
                0x100078f4                __sflush_r
 .text._fflush_r
                0x10007a3c       0x68 C:/Users/affor/pico-tools/xpack-arm-none-eabi-gcc-15.2.1-1.1/bin/../lib/gcc/arm-none-eabi/15.2.1/../../../../arm-none-eabi/lib/thumb/v6-m/nofp\libg.a(libc_a-fflush.o)
                0x10007a3c                _fflush_r
 .text.fflush   0x10007aa4       0x7c C:/Users/affor/pico-tools/xpack-arm-none-eabi-gcc-15.2.1-1.1/bin/../lib/gcc/arm-none-eabi/15.2.1/../../../../arm-none-eabi/lib/thumb/v6-m/nofp\libg.a(libc_a-fflush.o)
                0x10007aa4                fflush
 .text.stdio_exit_handler
                0x10007b20       0x1c C:/Users/affor/pico-tools/xpack-arm-none-eabi-gcc-15.2.1-1.1/bin/../lib/gcc/arm-none-eabi/15.2.1/../../../../arm-none-eabi/lib/thumb/v6-m/nofp\libg.a(libc_a-findfp.o)
 .text.cleanup_stdio
                0x10007b3c       0x3c C:/Users/affor/pico-tools/xpack-arm-none-eabi-gcc-15.2.1-1.1/bin/../lib/gcc/arm-none-eabi/15.2.1/../../../../arm-none-eabi/lib/thumb/v6-m/nofp\libg.a(libc_a-findfp.o)
 .text.global_stdio_init.part.0
                0x10007b78      0x110 C:/Users/affor/pico-tools/xpack-arm-none-eabi-gcc-15.2.1-1.1/bin/../lib/gcc/arm-none-eabi/15.2.1/../../../../arm-none-eabi/lib/thumb/v6-m/nofp\libg.a(libc_a-findfp.o)
 .text.__sinit  0x10007c88       0x38 C:/Users/affor/pico-tools/xpack-arm-none-eabi-gcc-15.2.1-1.1/bin/../lib/gcc/arm-none-eabi/15.2.1/../../../../arm-none-eabi/lib/thumb/v6-m/nofp\libg.a(libc_a-findfp.o)
                0x10007c88                __sinit
 .text.__sfp_lock_acquire
                0x10007cc0       0x10 C:/Users/affor/pico-tools/xpack-arm-none-eabi-gcc-15.2.1-1.1/bin/../lib/gcc/arm-none-eabi/15.2.1/../../../../arm-none-eabi/lib/thumb/v6-m/nofp\libg.a(libc_a-findfp.o)
                0x10007cc0                __sfp_lock_acquire
 .text.__sfp_lock_release
                0x10007cd0       0x10 C:/Users/affor/pico-tools/xpack-arm-none-eabi-gcc-15.2.1-1.1/bin/../lib/gcc/arm-none-eabi/15.2.1/../../../../arm-none-eabi/lib/thumb/v6-m/nofp\libg.a(libc_a-findfp.o)
                0x10007cd0                __sfp_lock_release
 .text._fwalk_sglue
                0x10007ce0       0x44 C:/Users/affor/pico-tools/xpack-arm-none-eabi-gcc-15.2.1-1.1/bin/../lib/gcc/arm-none-eabi/15.2.1/../../../../arm-none-eabi/lib/thumb/v6-m/nofp\libg.a(libc_a-fwalk.o)
                0x10007ce0                _fwalk_sglue
 .text._fwrite_r
                0x10007d24       0xe8 C:/Users/affor/pico-tools/xpack-arm-none-eabi-gcc-15.2.1-1.1/bin/../lib/gcc/arm-none-eabi/15.2.1/../../../../arm-none-eabi/lib/thumb/v6-m/nofp\libg.a(libc_a-fwrite.o)
                0x10007d24                _fwrite_r
 .text.fwrite   0x10007e0c       0x20 C:/Users/affor/pico-tools/xpack-arm-none-eabi-gcc-15.2.1-1.1/bin/../lib/gcc/arm-none-eabi/15.2.1/../../../../arm-none-eabi/lib/thumb/v6-m/nofp\libg.a(libc_a-fwrite.o)
                0x10007e0c                fwrite
 .text.sscanf   0x10007e2c       0x54 C:/Users/affor/pico-tools/xpack-arm-none-eabi-gcc-15.2.1-1.1/bin/../lib/gcc/arm-none-eabi/15.2.1/../../../../arm-none-eabi/lib/thumb/v6-m/nofp\libg.a(libc_a-sscanf.o)
                0x10007e2c                sscanf
 .text.__sread  0x10007e80       0x28 C:/Users/affor/pico-tools/xpack-arm-none-eabi-gcc-15.2.1-1.1/bin/../lib/gcc/arm-none-eabi/15.2.1/../../../../arm-none-eabi/lib/thumb/v6-m/nofp\libg.a(libc_a-stdio.o)
                0x10007e80                __sread
 .text.__seofread
                0x10007ea8        0x4 C:/Users/affor/pico-tools/xpack-arm-none-eabi-gcc-15.2.1-1.1/bin/../lib/gcc/arm-none-eabi/15.2.1/../../../../arm-none-eabi/lib/thumb/v6-m/nofp\libg.a(libc_a-stdio.o)
                0x10007ea8                __seofread
 .text.__swrite
                0x10007eac       0x40 C:/Users/affor/pico-tools/xpack-arm-none-eabi-gcc-15.2.1-1.1/bin/../lib/gcc/arm-none-eabi/15.2.1/../../../../arm-none-eabi/lib/thumb/v6-m/nofp\libg.a(libc_a-stdio.o)
                0x10007eac                __swrite
 .text.__sseek  0x10007eec       0x2c C:/Users/affor/pico-tools/xpack-arm-none-eabi-gcc-15.2.1-1.1/bin/../lib/gcc/arm-none-eabi/15.2.1/../../../../arm-none-eabi/lib/thumb/v6-m/nofp\libg.a(libc_a-stdio.o)
                0x10007eec                __sseek
 .text.__sclose
                0x10007f18        0xc C:/Users/affor/pico-tools/xpack-arm-none-eabi-gcc-15.2.1-1.1/bin/../lib/gcc/arm-none-eabi/15.2.1/../../../../arm-none-eabi/lib/thumb/v6-m/nofp\libg.a(libc_a-stdio.o)
                0x10007f18                __sclose
 .text._close_r
                0x10007f24       0x24 C:/Users/affor/pico-tools/xpack-arm-none-eabi-gcc-15.2.1-1.1/bin/../lib/gcc/arm-none-eabi/15.2.1/../../../../arm-none-eabi/lib/thumb/v6-m/nofp\libg.a(libc_a-closer.o)
                0x10007f24                _close_r
 .text._lseek_r
                0x10007f48       0x28 C:/Users/affor/pico-tools/xpack-arm-none-eabi-gcc-15.2.1-1.1/bin/../lib/gcc/arm-none-eabi/15.2.1/../../../../arm-none-eabi/lib/thumb/v6-m/nofp\libg.a(libc_a-lseekr.o)
                0x10007f48                _lseek_r
 .text._read_r  0x10007f70       0x28 C:/Users/affor/pico-tools/xpack-arm-none-eabi-gcc-15.2.1-1.1/bin/../lib/gcc/arm-none-eabi/15.2.1/../../../../arm-none-eabi/lib/thumb/v6-m/nofp\libg.a(libc_a-readr.o)
                0x10007f70                _read_r
 .text._sbrk_r  0x10007f98       0x24 C:/Users/affor/pico-tools/xpack-arm-none-eabi-gcc-15.2.1-1.1/bin/../lib/gcc/arm-none-eabi/15.2.1/../../../../arm-none-eabi/lib/thumb/v6-m/nofp\libg.a(libc_a-sbrkr.o)
                0x10007f98                _sbrk_r
 .text._write_r
                0x10007fbc       0x28 C:/Users/affor/pico-tools/xpack-arm-none-eabi-gcc-15.2.1-1.1/bin/../lib/gcc/arm-none-eabi/15.2.1/../../../../arm-none-eabi/lib/thumb/v6-m/nofp\libg.a(libc_a-writer.o)
                0x10007fbc                _write_r
 .text.__errno  0x10007fe4        0xc C:/Users/affor/pico-tools/xpack-arm-none-eabi-gcc-15.2.1-1.1/bin/../lib/gcc/arm-none-eabi/15.2.1/../../../../arm-none-eabi/lib/thumb/v6-m/nofp\libg.a(libc_a-errno.o)
                0x10007fe4                __errno
 .text.__retarget_lock_init_recursive
                0x10007ff0        0x4 C:/Users/affor/pico-tools/xpack-arm-none-eabi-gcc-15.2.1-1.1/bin/../lib/gcc/arm-none-eabi/15.2.1/../../../../arm-none-eabi/lib/thumb/v6-m/nofp\libg.a(libc_a-lock.o)
                0x10007ff0                __retarget_lock_init_recursive
 .text.__retarget_lock_close_recursive
                0x10007ff4        0x4 C:/Users/affor/pico-tools/xpack-arm-none-eabi-gcc-15.2.1-1.1/bin/../lib/gcc/arm-none-eabi/15.2.1/../../../../arm-none-eabi/lib/thumb/v6-m/nofp\libg.a(libc_a-lock.o)
                0x10007ff4                __retarget_lock_close_recursive
 .text.__retarget_lock_acquire_recursive
                0x10007ff8        0x4 C:/Users/affor/pico-tools/xpack-arm-none-eabi-gcc-15.2.1-1.1/bin/../lib/gcc/arm-none-eabi/15.2.1/../../../../arm-none-eabi/lib/thumb/v6-m/nofp\libg.a(libc_a-lock.o)
                0x10007ff8                __retarget_lock_acquire_recursive
 .text.__retarget_lock_release_recursive
                0x10007ffc        0x4 C:/Users/affor/pico-tools/xpack-arm-none-eabi-gcc-15.2.1-1.1/bin/../lib/gcc/arm-none-eabi/15.2.1/../../../../arm-none-eabi/lib/thumb/v6-m/nofp\libg.a(libc_a-lock.o)
                0x10007ffc                __retarget_lock_release_recursive
 .text.sysconf  0x10008000       0x1c C:/Users/affor/pico-tools/xpack-arm-none-eabi-gcc-15.2.1-1.1/bin/../lib/gcc/arm-none-eabi/15.2.1/../../../../arm-none-eabi/lib/thumb/v6-m/nofp\libg.a(libc_a-sysconf.o)
                0x10008000                sysconf
 .text          0x1000801c       0x88 C:/Users/affor/pico-tools/xpack-arm-none-eabi-gcc-15.2.1-1.1/bin/../lib/gcc/arm-none-eabi/15.2.1/../../../../arm-none-eabi/lib/thumb/v6-m/nofp\libg.a(libc_a-strcmp.o)
                0x1000801c                strcmp
 .text.strlen   0x100080a4       0x60 C:/Users/affor/pico-tools/xpack-arm-none-eabi-gcc-15.2.1-1.1/bin/../lib/gcc/arm-none-eabi/15.2.1/../../../../arm-none-eabi/lib/thumb/v6-m/nofp\libg.a(libc_a-strlen-stub.o)
                0x100080a4                strlen
 .text._malloc_trim_r
                0x10008104       0xb0 C:/Users/affor/pico-tools/xpack-arm-none-eabi-gcc-15.2.1-1.1/bin/../lib/gcc/arm-none-eabi/15.2.1/../../../../arm-none-eabi/lib/thumb/v6-m/nofp\libg.a(libc_a-freer.o)
                0x10008104                _malloc_trim_r
 .text._free_r  0x100081b4      0x1d4 C:/Users/affor/pico-tools/xpack-arm-none-eabi-gcc-15.2.1-1.1/bin/../lib/gcc/arm-none-eabi/15.2.1/../../../../arm-none-eabi/lib/thumb/v6-m/nofp\libg.a(libc_a-freer.o)
                0x100081b4                _free_r
 .text._strtoul_l.isra.0
                0x10008388      0x144 C:/Users/affor/pico-tools/xpack-arm-none-eabi-gcc-15.2.1-1.1/bin/../lib/gcc/arm-none-eabi/15.2.1/../../../../arm-none-eabi/lib/thumb/v6-m/nofp\libg.a(libc_a-strtoul.o)
 .text._strtoul_r
                0x100084cc        0x8 C:/Users/affor/pico-tools/xpack-arm-none-eabi-gcc-15.2.1-1.1/bin/../lib/gcc/arm-none-eabi/15.2.1/../../../../arm-none-eabi/lib/thumb/v6-m/nofp\libg.a(libc_a-strtoul.o)
                0x100084cc                _strtoul_r
 .text._sungetc_r
                0x100084d4       0x84 C:/Users/affor/pico-tools/xpack-arm-none-eabi-gcc-15.2.1-1.1/bin/../lib/gcc/arm-none-eabi/15.2.1/../../../../arm-none-eabi/lib/thumb/v6-m/nofp\libg.a(libc_a-svfiscanf.o)
                0x100084d4                _sungetc_r
 .text.__ssrefill_r
                0x10008558       0x40 C:/Users/affor/pico-tools/xpack-arm-none-eabi-gcc-15.2.1-1.1/bin/../lib/gcc/arm-none-eabi/15.2.1/../../../../arm-none-eabi/lib/thumb/v6-m/nofp\libg.a(libc_a-svfiscanf.o)
                0x10008558                __ssrefill_r
 .text._sfread_r
                0x10008598       0xb8 C:/Users/affor/pico-tools/xpack-arm-none-eabi-gcc-15.2.1-1.1/bin/../lib/gcc/arm-none-eabi/15.2.1/../../../../arm-none-eabi/lib/thumb/v6-m/nofp\libg.a(libc_a-svfiscanf.o)
                0x10008598                _sfread_r
 .text.__ssvfscanf_r
                0x10008650     0x1a4c C:/Users/affor/pico-tools/xpack-arm-none-eabi-gcc-15.2.1-1.1/bin/../lib/gcc/arm-none-eabi/15.2.1/../../../../arm-none-eabi/lib/thumb/v6-m/nofp\libg.a(libc_a-svfscanf.o)
                0x10008650                __ssvfscanf_r
 .text._fclose_r
                0x1000a09c       0xd4 C:/Users/affor/pico-tools/xpack-arm-none-eabi-gcc-15.2.1-1.1/bin/../lib/gcc/arm-none-eabi/15.2.1/../../../../arm-none-eabi/lib/thumb/v6-m/nofp\libg.a(libc_a-fclose.o)
                0x1000a09c                _fclose_r
 .text.__sfvwrite_r
                0x1000a170      0x300 C:/Users/affor/pico-tools/xpack-arm-none-eabi-gcc-15.2.1-1.1/bin/../lib/gcc/arm-none-eabi/15.2.1/../../../../arm-none-eabi/lib/thumb/v6-m/nofp\libg.a(libc_a-fvwrite.o)
                0x1000a170                __sfvwrite_r
 .text.__sccl   0x1000a470       0x88 C:/Users/affor/pico-tools/xpack-arm-none-eabi-gcc-15.2.1-1.1/bin/../lib/gcc/arm-none-eabi/15.2.1/../../../../arm-none-eabi/lib/thumb/v6-m/nofp\libg.a(libc_a-sccl.o)
                0x1000a470                __sccl
 .text.__submore
                0x1000a4f8       0x78 C:/Users/affor/pico-tools/xpack-arm-none-eabi-gcc-15.2.1-1.1/bin/../lib/gcc/arm-none-eabi/15.2.1/../../../../arm-none-eabi/lib/thumb/v6-m/nofp\libg.a(libc_a-ungetc.o)
                0x1000a4f8                __submore
 .text.__swsetup_r
                0x1000a570       0xd4 C:/Users/affor/pico-tools/xpack-arm-none-eabi-gcc-15.2.1-1.1/bin/../lib/gcc/arm-none-eabi/15.2.1/../../../../arm-none-eabi/lib/thumb/v6-m/nofp\libg.a(libc_a-wsetup.o)
                0x1000a570                __swsetup_r
 .text.strncmp  0x1000a644       0x6c C:/Users/affor/pico-tools/xpack-arm-none-eabi-gcc-15.2.1-1.1/bin/../lib/gcc/arm-none-eabi/15.2.1/../../../../arm-none-eabi/lib/thumb/v6-m/nofp\libg.a(libc_a-strncmp.o)
                0x1000a644                strncmp
 .text.stpncpy  0x1000a6b0       0x6c C:/Users/affor/pico-tools/xpack-arm-none-eabi-gcc-15.2.1-1.1/bin/../lib/gcc/arm-none-eabi/15.2.1/../../../../arm-none-eabi/lib/thumb/v6-m/nofp\libg.a(libc_a-stpncpy.o)
                0x1000a6b0                stpncpy
 .text.__locale_mb_cur_max
                0x1000a71c       0x10 C:/Users/affor/pico-tools/xpack-arm-none-eabi-gcc-15.2.1-1.1/bin/../lib/gcc/arm-none-eabi/15.2.1/../../../../arm-none-eabi/lib/thumb/v6-m/nofp\libg.a(libc_a-locale.o)
                0x1000a71c                __locale_mb_cur_max
 .text._localeconv_r
                0x1000a72c        0x8 C:/Users/affor/pico-tools/xpack-arm-none-eabi-gcc-15.2.1-1.1/bin/../lib/gcc/arm-none-eabi/15.2.1/../../../../arm-none-eabi/lib/thumb/v6-m/nofp\libg.a(libc_a-localeconv.o)
                0x1000a72c                _localeconv_r
 .text.nanf     0x1000a734        0x8 C:/Users/affor/pico-tools/xpack-arm-none-eabi-gcc-15.2.1-1.1/bin/../lib/gcc/arm-none-eabi/15.2.1/../../../../arm-none-eabi/lib/thumb/v6-m/nofp\libg.a(libm_a-sf_nan.o)
                0x1000a734                nanf
 .text.__ascii_mbtowc
                0x1000a73c       0x2c C:/Users/affor/pico-tools/xpack-arm-none-eabi-gcc-15.2.1-1.1/bin/../lib/gcc/arm-none-eabi/15.2.1/../../../../arm-none-eabi/lib/thumb/v6-m/nofp\libg.a(libc_a-mbtowc_r.o)
                0x1000a73c                __ascii_mbtowc
 .text.sulp     0x1000a768       0x30 C:/Users/affor/pico-tools/xpack-arm-none-eabi-gcc-15.2.1-1.1/bin/../lib/gcc/arm-none-eabi/15.2.1/../../../../arm-none-eabi/lib/thumb/v6-m/nofp\libg.a(libc_a-strtod.o)
 .text._strtod_l
                0x1000a798      0xf98 C:/Users/affor/pico-tools/xpack-arm-none-eabi-gcc-15.2.1-1.1/bin/../lib/gcc/arm-none-eabi/15.2.1/../../../../arm-none-eabi/lib/thumb/v6-m/nofp\libg.a(libc_a-strtod.o)
                0x1000a798                _strtod_l
 .text._strtod_r
                0x1000b730       0x10 C:/Users/affor/pico-tools/xpack-arm-none-eabi-gcc-15.2.1-1.1/bin/../lib/gcc/arm-none-eabi/15.2.1/../../../../arm-none-eabi/lib/thumb/v6-m/nofp\libg.a(libc_a-strtod.o)
                0x1000b730                _strtod_r
 .text._strtol_l.isra.0
                0x1000b740      0x154 C:/Users/affor/pico-tools/xpack-arm-none-eabi-gcc-15.2.1-1.1/bin/../lib/gcc/arm-none-eabi/15.2.1/../../../../arm-none-eabi/lib/thumb/v6-m/nofp\libg.a(libc_a-strtol.o)
 .text._strtol_r
                0x1000b894        0x8 C:/Users/affor/pico-tools/xpack-arm-none-eabi-gcc-15.2.1-1.1/bin/../lib/gcc/arm-none-eabi/15.2.1/../../../../arm-none-eabi/lib/thumb/v6-m/nofp\libg.a(libc_a-strtol.o)
                0x1000b894                _strtol_r
 .text.__ascii_wctomb
                0x1000b89c       0x1c C:/Users/affor/pico-tools/xpack-arm-none-eabi-gcc-15.2.1-1.1/bin/../lib/gcc/arm-none-eabi/15.2.1/../../../../arm-none-eabi/lib/thumb/v6-m/nofp\libg.a(libc_a-wctomb_r.o)
                0x1000b89c                __ascii_wctomb
 .text._strtoll_l.isra.0
                0x1000b8b8      0x19c C:/Users/affor/pico-tools/xpack-arm-none-eabi-gcc-15.2.1-1.1/bin/../lib/gcc/arm-none-eabi/15.2.1/../../../../arm-none-eabi/lib/thumb/v6-m/nofp\libg.a(libc_a-strtoll.o)
 .text._strtoll_r
                0x1000ba54        0x8 C:/Users/affor/pico-tools/xpack-arm-none-eabi-gcc-15.2.1-1.1/bin/../lib/gcc/arm-none-eabi/15.2.1/../../../../arm-none-eabi/lib/thumb/v6-m/nofp\libg.a(libc_a-strtoll.o)
                0x1000ba54                _strtoll_r
 .text._strtoull_l.isra.0
                0x1000ba5c      0x1c4 C:/Users/affor/pico-tools/xpack-arm-none-eabi-gcc-15.2.1-1.1/bin/../lib/gcc/arm-none-eabi/15.2.1/../../../../arm-none-eabi/lib/thumb/v6-m/nofp\libg.a(libc_a-strtoull.o)
 .text._strtoull_r
                0x1000bc20        0x8 C:/Users/affor/pico-tools/xpack-arm-none-eabi-gcc-15.2.1-1.1/bin/../lib/gcc/arm-none-eabi/15.2.1/../../../../arm-none-eabi/lib/thumb/v6-m/nofp\libg.a(libc_a-strtoull.o)
                0x1000bc20                _strtoull_r
 .text._mbrtowc_r
                0x1000bc28       0x64 C:/Users/affor/pico-tools/xpack-arm-none-eabi-gcc-15.2.1-1.1/bin/../lib/gcc/arm-none-eabi/15.2.1/../../../../arm-none-eabi/lib/thumb/v6-m/nofp\libg.a(libc_a-mbrtowc.o)
                0x1000bc28                _mbrtowc_r
 .text.iswspace
                0x1000bc8c        0xc C:/Users/affor/pico-tools/xpack-arm-none-eabi-gcc-15.2.1-1.1/bin/../lib/gcc/arm-none-eabi/15.2.1/../../../../arm-none-eabi/lib/thumb/v6-m/nofp\libg.a(libc_a-iswspace.o)
                0x1000bc8c                iswspace
 .text.iswspace_l
                0x1000bc98       0x28 C:/Users/affor/pico-tools/xpack-arm-none-eabi-gcc-15.2.1-1.1/bin/../lib/gcc/arm-none-eabi/15.2.1/../../../../arm-none-eabi/lib/thumb/v6-m/nofp\libg.a(libc_a-iswspace_l.o)
                0x1000bc98                iswspace_l
 .text.__jp2uc  0x1000bcc0      0x154 C:/Users/affor/pico-tools/xpack-arm-none-eabi-gcc-15.2.1-1.1/bin/../lib/gcc/arm-none-eabi/15.2.1/../../../../arm-none-eabi/lib/thumb/v6-m/nofp\libg.a(libc_a-jp2uc.o)
 .text._jp2uc_l
                0x1000be14       0x68 C:/Users/affor/pico-tools/xpack-arm-none-eabi-gcc-15.2.1-1.1/bin/../lib/gcc/arm-none-eabi/15.2.1/../../../../arm-none-eabi/lib/thumb/v6-m/nofp\libg.a(libc_a-jp2uc.o)
                0x1000be14                _jp2uc_l
 .text.__smakebuf_r
                0x1000be7c       0xd8 C:/Users/affor/pico-tools/xpack-arm-none-eabi-gcc-15.2.1-1.1/bin/../lib/gcc/arm-none-eabi/15.2.1/../../../../arm-none-eabi/lib/thumb/v6-m/nofp\libg.a(libc_a-makebuf.o)
                0x1000be7c                __smakebuf_r
 .text._fstat_r
                0x1000bf54       0x28 C:/Users/affor/pico-tools/xpack-arm-none-eabi-gcc-15.2.1-1.1/bin/../lib/gcc/arm-none-eabi/15.2.1/../../../../arm-none-eabi/lib/thumb/v6-m/nofp\libg.a(libc_a-fstatr.o)
                0x1000bf54                _fstat_r
 .text._isatty_r
                0x1000bf7c       0x24 C:/Users/affor/pico-tools/xpack-arm-none-eabi-gcc-15.2.1-1.1/bin/../lib/gcc/arm-none-eabi/15.2.1/../../../../arm-none-eabi/lib/thumb/v6-m/nofp\libg.a(libc_a-isattyr.o)
                0x1000bf7c                _isatty_r
 .text.nan      0x1000bfa0        0xc C:/Users/affor/pico-tools/xpack-arm-none-eabi-gcc-15.2.1-1.1/bin/../lib/gcc/arm-none-eabi/15.2.1/../../../../arm-none-eabi/lib/thumb/v6-m/nofp\libg.a(libm_a-s_nan.o)
                0x1000bfa0                nan
 .text.rshift   0x1000bfac       0xa8 C:/Users/affor/pico-tools/xpack-arm-none-eabi-gcc-15.2.1-1.1/bin/../lib/gcc/arm-none-eabi/15.2.1/../../../../arm-none-eabi/lib/thumb/v6-m/nofp\libg.a(libc_a-gdtoa-gethex.o)
 .text.__gethex
                0x1000c054      0x5f8 C:/Users/affor/pico-tools/xpack-arm-none-eabi-gcc-15.2.1-1.1/bin/../lib/gcc/arm-none-eabi/15.2.1/../../../../arm-none-eabi/lib/thumb/v6-m/nofp\libg.a(libc_a-gdtoa-gethex.o)
                0x1000c054                __gethex
 .text.__match  0x1000c64c       0x30 C:/Users/affor/pico-tools/xpack-arm-none-eabi-gcc-15.2.1-1.1/bin/../lib/gcc/arm-none-eabi/15.2.1/../../../../arm-none-eabi/lib/thumb/v6-m/nofp\libg.a(libc_a-gdtoa-hexnan.o)
                0x1000c64c                __match
 .text.__hexnan
                0x1000c67c      0x1e0 C:/Users/affor/pico-tools/xpack-arm-none-eabi-gcc-15.2.1-1.1/bin/../lib/gcc/arm-none-eabi/15.2.1/../../../../arm-none-eabi/lib/thumb/v6-m/nofp\libg.a(libc_a-gdtoa-hexnan.o)
                0x1000c67c                __hexnan
 .text._Balloc  0x1000c85c       0x58 C:/Users/affor/pico-tools/xpack-arm-none-eabi-gcc-15.2.1-1.1/bin/../lib/gcc/arm-none-eabi/15.2.1/../../../../arm-none-eabi/lib/thumb/v6-m/nofp\libg.a(libc_a-mprec.o)
                0x1000c85c                _Balloc
 .text._Bfree   0x1000c8b4       0x14 C:/Users/affor/pico-tools/xpack-arm-none-eabi-gcc-15.2.1-1.1/bin/../lib/gcc/arm-none-eabi/15.2.1/../../../../arm-none-eabi/lib/thumb/v6-m/nofp\libg.a(libc_a-mprec.o)
                0x1000c8b4                _Bfree
 .text.__multadd
                0x1000c8c8       0xa4 C:/Users/affor/pico-tools/xpack-arm-none-eabi-gcc-15.2.1-1.1/bin/../lib/gcc/arm-none-eabi/15.2.1/../../../../arm-none-eabi/lib/thumb/v6-m/nofp\libg.a(libc_a-mprec.o)
                0x1000c8c8                __multadd
 .text.__s2b    0x1000c96c       0xb0 C:/Users/affor/pico-tools/xpack-arm-none-eabi-gcc-15.2.1-1.1/bin/../lib/gcc/arm-none-eabi/15.2.1/../../../../arm-none-eabi/lib/thumb/v6-m/nofp\libg.a(libc_a-mprec.o)
                0x1000c96c                __s2b
 .text.__hi0bits
                0x1000ca1c       0x60 C:/Users/affor/pico-tools/xpack-arm-none-eabi-gcc-15.2.1-1.1/bin/../lib/gcc/arm-none-eabi/15.2.1/../../../../arm-none-eabi/lib/thumb/v6-m/nofp\libg.a(libc_a-mprec.o)
                0x1000ca1c                __hi0bits
 .text.__lo0bits
                0x1000ca7c       0x8c C:/Users/affor/pico-tools/xpack-arm-none-eabi-gcc-15.2.1-1.1/bin/../lib/gcc/arm-none-eabi/15.2.1/../../../../arm-none-eabi/lib/thumb/v6-m/nofp\libg.a(libc_a-mprec.o)
                0x1000ca7c                __lo0bits
 .text.__i2b    0x1000cb08       0x60 C:/Users/affor/pico-tools/xpack-arm-none-eabi-gcc-15.2.1-1.1/bin/../lib/gcc/arm-none-eabi/15.2.1/../../../../arm-none-eabi/lib/thumb/v6-m/nofp\libg.a(libc_a-mprec.o)
                0x1000cb08                __i2b
 .text.__multiply
                0x1000cb68      0x1b8 C:/Users/affor/pico-tools/xpack-arm-none-eabi-gcc-15.2.1-1.1/bin/../lib/gcc/arm-none-eabi/15.2.1/../../../../arm-none-eabi/lib/thumb/v6-m/nofp\libg.a(libc_a-mprec.o)
                0x1000cb68                __multiply
 .text.__pow5mult